[    0.000000] Initializing cgroup subsys cpuset
[    0.000000] Linux version 2.6.32.60 (root@willy-VirtualBox) (gcc version 4.6.3 (Ubuntu/Linaro 4.6.3-1ubuntu5) ) #9 SMP Thu Jun 15 21:11:15 CST 2017
[    0.000000] KERNEL supported cpus:
[    0.000000]   Intel GenuineIntel
[    0.000000]   AMD AuthenticAMD
[    0.000000]   NSC Geode by NSC
[    0.000000]   Cyrix CyrixInstead
[    0.000000]   Centaur CentaurHauls
[    0.000000]   Transmeta GenuineTMx86
[    0.000000]   Transmeta TransmetaCPU
[    0.000000]   UMC UMC UMC UMC
[    0.000000] BIOS-provided physical RAM map:
[    0.000000]  BIOS-e820: 0000000000000000 - 000000000009fc00 (usable)
[    0.000000]  BIOS-e820: 000000000009fc00 - 00000000000a0000 (reserved)
[    0.000000]  BIOS-e820: 00000000000f0000 - 0000000000100000 (reserved)
[    0.000000]  BIOS-e820: 0000000000100000 - 000000003fff0000 (usable)
[    0.000000]  BIOS-e820: 000000003fff0000 - 0000000040000000 (ACPI data)
[    0.000000]  BIOS-e820: 00000000fec00000 - 00000000fec01000 (reserved)
[    0.000000]  BIOS-e820: 00000000fee00000 - 00000000fee01000 (reserved)
[    0.000000]  BIOS-e820: 00000000fffc0000 - 0000000100000000 (reserved)
[    0.000000] DMI 2.5 present.
[    0.000000] last_pfn = 0x3fff0 max_arch_pfn = 0x1000000
[    0.000000] MTRR default type: uncachable
[    0.000000] MTRR variable ranges disabled:
[    0.000000] x86 PAT enabled: cpu 0, old 0x7040600070406, new 0x7010600070106
[    0.000000] CPU MTRRs all blank - virtualized system.
[    0.000000] e820 update range: 0000000000002000 - 0000000000006000 (usable) ==> (reserved)
[    0.000000] Scanning 1 areas for low memory corruption
[    0.000000] modified physical RAM map:
[    0.000000]  modified: 0000000000000000 - 0000000000002000 (usable)
[    0.000000]  modified: 0000000000002000 - 0000000000006000 (reserved)
[    0.000000]  modified: 0000000000006000 - 000000000009fc00 (usable)
[    0.000000]  modified: 000000000009fc00 - 00000000000a0000 (reserved)
[    0.000000]  modified: 00000000000f0000 - 0000000000100000 (reserved)
[    0.000000]  modified: 0000000000100000 - 000000003fff0000 (usable)
[    0.000000]  modified: 000000003fff0000 - 0000000040000000 (ACPI data)
[    0.000000]  modified: 00000000fec00000 - 00000000fec01000 (reserved)
[    0.000000]  modified: 00000000fee00000 - 00000000fee01000 (reserved)
[    0.000000]  modified: 00000000fffc0000 - 0000000100000000 (reserved)
[    0.000000] initial memory mapped : 0 - 01c00000
[    0.000000] init_memory_mapping: 0000000000000000-00000000379fe000
[    0.000000] NX (Execute Disable) protection: active
[    0.000000]  0000000000 - 0000200000 page 4k
[    0.000000]  0000200000 - 0037800000 page 2M
[    0.000000]  0037800000 - 00379fe000 page 4k
[    0.000000] kernel direct mapping tables up to 379fe000 @ 7000-d000
[    0.000000] RAMDISK: 2f6fa000 - 33b74ea4
[    0.000000] ACPI: RSDP 000e0000 00024 (v02 VBOX  )
[    0.000000] ACPI: XSDT 3fff0030 0003C (v01 VBOX   VBOXXSDT 00000001 ASL  00000061)
[    0.000000] ACPI: FACP 3fff00f0 000F4 (v04 VBOX   VBOXFACP 00000001 ASL  00000061)
[    0.000000] ACPI: DSDT 3fff0480 021C8 (v02 VBOX   VBOXBIOS 00000002 INTL 20100528)
[    0.000000] ACPI: FACS 3fff0200 00040
[    0.000000] ACPI: APIC 3fff0240 0006C (v02 VBOX   VBOXAPIC 00000001 ASL  00000061)
[    0.000000] ACPI: SSDT 3fff02b0 001CC (v01 VBOX   VBOXCPUT 00000002 INTL 20100528)
[    0.000000] ACPI: Local APIC address 0xfee00000
[    0.000000] 133MB HIGHMEM available.
[    0.000000] 889MB LOWMEM available.
[    0.000000]   mapped low ram: 0 - 379fe000
[    0.000000]   low ram: 0 - 379fe000
[    0.000000]   node 0 low ram: 00000000 - 379fe000
[    0.000000]   node 0 bootmap 00009000 - 0000ff40
[    0.000000] (9 early reservations) ==> bootmem [0000000000 - 00379fe000]
[    0.000000]   #0 [0000000000 - 0000001000]   BIOS data page ==> [0000000000 - 0000001000]
[    0.000000]   #1 [0000001000 - 0000002000]    EX TRAMPOLINE ==> [0000001000 - 0000002000]
[    0.000000]   #2 [0000006000 - 0000007000]       TRAMPOLINE ==> [0000006000 - 0000007000]
[    0.000000]   #3 [0001000000 - 00017c8858]    TEXT DATA BSS ==> [0001000000 - 00017c8858]
[    0.000000]   #4 [002f6fa000 - 0033b74ea4]          RAMDISK ==> [002f6fa000 - 0033b74ea4]
[    0.000000]   #5 [000009f800 - 0000100000]    BIOS reserved ==> [000009f800 - 0000100000]
[    0.000000]   #6 [00017c9000 - 00017d710c]              BRK ==> [00017c9000 - 00017d710c]
[    0.000000]   #7 [0000007000 - 0000009000]          PGTABLE ==> [0000007000 - 0000009000]
[    0.000000]   #8 [0000009000 - 0000010000]          BOOTMAP ==> [0000009000 - 0000010000]
[    0.000000] found SMP MP-table at [c009fff0] 9fff0
[    0.000000] Zone PFN ranges:
[    0.000000]   DMA      0x00000000 -> 0x00001000
[    0.000000]   Normal   0x00001000 -> 0x000379fe
[    0.000000]   HighMem  0x000379fe -> 0x0003fff0
[    0.000000] Movable zone start PFN for each node
[    0.000000] early_node_map[3] active PFN ranges
[    0.000000]     0: 0x00000000 -> 0x00000002
[    0.000000]     0: 0x00000006 -> 0x0000009f
[    0.000000]     0: 0x00000100 -> 0x0003fff0
[    0.000000] On node 0 totalpages: 262027
[    0.000000] free_area_init_node: node 0, pgdat c1686360, node_mem_map c17d9000
[    0.000000]   DMA zone: 32 pages used for memmap
[    0.000000]   DMA zone: 0 pages reserved
[    0.000000]   DMA zone: 3963 pages, LIFO batch:0
[    0.000000]   Normal zone: 1748 pages used for memmap
[    0.000000]   Normal zone: 221994 pages, LIFO batch:31
[    0.000000]   HighMem zone: 268 pages used for memmap
[    0.000000]   HighMem zone: 34022 pages, LIFO batch:7
[    0.000000] Using APIC driver default
[    0.000000] ACPI: PM-Timer IO Port: 0x4008
[    0.000000] ACPI: Local APIC address 0xfee00000
[    0.000000] ACPI: LAPIC (acpi_id[0x00] lapic_id[0x00] enabled)
[    0.000000] ACPI: LAPIC (acpi_id[0x01] lapic_id[0x01] enabled)
[    0.000000] ACPI: LAPIC (acpi_id[0x02] lapic_id[0x02] enabled)
[    0.000000] ACPI: LAPIC (acpi_id[0x03] lapic_id[0x03] enabled)
[    0.000000] ACPI: IOAPIC (id[0x04] address[0xfec00000] gsi_base[0])
[    0.000000] IOAPIC[0]: apic_id 4, version 32, address 0xfec00000, GSI 0-23
[    0.000000] ACPI: INT_SRC_OVR (bus 0 bus_irq 0 global_irq 2 dfl dfl)
[    0.000000] ACPI: INT_SRC_OVR (bus 0 bus_irq 9 global_irq 9 high level)
[    0.000000] ACPI: IRQ0 used by override.
[    0.000000] ACPI: IRQ2 used by override.
[    0.000000] ACPI: IRQ9 used by override.
[    0.000000] Using ACPI (MADT) for SMP configuration information
[    0.000000] SMP: Allowing 4 CPUs, 0 hotplug CPUs
[    0.000000] nr_irqs_gsi: 24
[    0.000000] PM: Registered nosave memory: 0000000000002000 - 0000000000006000
[    0.000000] PM: Registered nosave memory: 000000000009f000 - 00000000000a0000
[    0.000000] PM: Registered nosave memory: 00000000000a0000 - 00000000000f0000
[    0.000000] PM: Registered nosave memory: 00000000000f0000 - 0000000000100000
[    0.000000] Allocating PCI resources starting at 40000000 (gap: 40000000:bec00000)
[    0.000000] NR_CPUS:8 nr_cpumask_bits:8 nr_cpu_ids:4 nr_node_ids:1
[    0.000000] PERCPU: Embedded 14 pages/cpu @c2000000 s34936 r0 d22408 u524288
[    0.000000] pcpu-alloc: s34936 r0 d22408 u524288 alloc=1*2097152
[    0.000000] pcpu-alloc: [0] 0 1 2 3 
[    0.000000] Built 1 zonelists in Zone order, mobility grouping on.  Total pages: 259979
[    0.000000] Kernel command line: BOOT_IMAGE=/boot/vmlinuz-2.6.32.60 root=UUID=86fc7125-0056-4929-9bdc-118620bba01f ro loglevel=2 log_buf_len=4M quiet splash vt.handoff=7
[    0.000000] log_buf_len: 4194304
[    0.000000] PID hash table entries: 4096 (order: 2, 16384 bytes)
[    0.000000] Dentry cache hash table entries: 131072 (order: 7, 524288 bytes)
[    0.000000] Inode-cache hash table entries: 65536 (order: 6, 262144 bytes)
[    0.000000] Enabling fast FPU save and restore... done.
[    0.000000] Enabling unmasked SIMD FPU exception support... done.
[    0.000000] Initializing CPU#0
[    0.000000] xsave/xrstor: enabled xstate_bv 0x7, cntxt size 0x340
[    0.000000] Initializing HighMem for node 0 (000379fe:0003fff0)
[    0.000000] Memory: 955892k/1048512k available (4487k kernel code, 91524k reserved, 2313k data, 588k init, 137160k highmem)
[    0.000000] virtual kernel memory layout:
[    0.000000]     fixmap  : 0xfff1f000 - 0xfffff000   ( 896 kB)
[    0.000000]     pkmap   : 0xffa00000 - 0xffc00000   (2048 kB)
[    0.000000]     vmalloc : 0xf81fe000 - 0xff9fe000   ( 120 MB)
[    0.000000]     lowmem  : 0xc0000000 - 0xf79fe000   ( 889 MB)
[    0.000000]       .init : 0xc16a5000 - 0xc1738000   ( 588 kB)
[    0.000000]       .data : 0xc1461de0 - 0xc16a44a0   (2313 kB)
[    0.000000]       .text : 0xc1000000 - 0xc1461de0   (4487 kB)
[    0.000000] Checking if this processor honours the WP bit even in supervisor mode...Ok.
[    0.000000] SLUB: Genslabs=13, HWalign=64, Order=0-3, MinObjects=0, CPUs=4, Nodes=1
[    0.000000] Hierarchical RCU implementation.
[    0.000000] NR_IRQS:2304 nr_irqs:440
[    0.000000] Console: colour dummy device 80x25
[    0.000000] console [tty0] enabled
[    0.000000] Fast TSC calibration failed
[    0.016000] TSC: Unable to calibrate against PIT
[    0.016000] TSC: using PMTIMER reference calibration
[    0.016000] Detected 2394.462 MHz processor.
[    0.000023] Calibrating delay loop (skipped), value calculated using timer frequency.. 4788.92 BogoMIPS (lpj=9577848)
[    0.000068] Security Framework initialized
[    0.000087] SELinux:  Disabled at boot.
[    0.000103] Mount-cache hash table entries: 512
[    0.001271] Initializing cgroup subsys cpuacct
[    0.001286] Initializing cgroup subsys freezer
[    0.001373] CPU: Physical Processor ID: 0
[    0.001380] CPU: Processor Core ID: 0
[    0.001412] CPU: L1 I cache: 32K, L1 D cache: 32K
[    0.001421] CPU: L2 cache: 256K
[    0.001427] CPU: L3 cache: 3072K
[    0.006083] mce: CPU supports 0 MCE banks
[    0.006127] Performance Events: unsupported p6 CPU model 69 no PMU driver, software events only.
[    0.006199] Checking 'hlt' instruction... OK.
[    0.027891] ACPI: Core revision 20090903
[    0.030200] ftrace: converting mcount calls to 0f 1f 44 00 00
[    0.030213] ftrace: allocating 21012 entries in 42 pages
[    0.109502] Enabling APIC mode:  Flat.  Using 1 I/O APICs
[    0.112818] ..TIMER: vector=0x30 apic1=0 pin1=2 apic2=-1 pin2=-1
[    0.152739] CPU0: Intel(R) Core(TM) i5-4210U CPU @ 1.70GHz stepping 01
[    0.259776] Booting processor 1 APIC 0x1 ip 0x6000
[    0.270707] Initializing CPU#1
[    0.351120] CPU: Physical Processor ID: 0
[    0.351131] CPU: Processor Core ID: 1
[    0.351151] CPU: L1 I cache: 32K, L1 D cache: 32K
[    0.351160] CPU: L2 cache: 256K
[    0.351166] CPU: L3 cache: 3072K
[    0.355672] mce: CPU supports 0 MCE banks
[    0.355965] CPU1: Intel(R) Core(TM) i5-4210U CPU @ 1.70GHz stepping 01
[    0.356004] checking TSC synchronization [CPU#0 -> CPU#1]: passed.
[    0.377589] Booting processor 2 APIC 0x2 ip 0x6000
[    0.388454] Initializing CPU#2
[    0.466432] CPU: Physical Processor ID: 0
[    0.466490] CPU: Processor Core ID: 2
[    0.466521] CPU: L1 I cache: 32K, L1 D cache: 32K
[    0.466535] CPU: L2 cache: 256K
[    0.466545] CPU: L3 cache: 3072K
[    0.470869] mce: CPU supports 0 MCE banks
[    0.470959] CPU2: Intel(R) Core(TM) i5-4210U CPU @ 1.70GHz stepping 01
[    0.470989] checking TSC synchronization [CPU#0 -> CPU#2]: passed.
[    0.491508] Booting processor 3 APIC 0x3 ip 0x6000
[    0.502374] Initializing CPU#3
[    0.582303] CPU: Physical Processor ID: 0
[    0.582314] CPU: Processor Core ID: 3
[    0.582336] CPU: L1 I cache: 32K, L1 D cache: 32K
[    0.582345] CPU: L2 cache: 256K
[    0.582352] CPU: L3 cache: 3072K
[    0.586734] mce: CPU supports 0 MCE banks
[    0.586832] CPU3: Intel(R) Core(TM) i5-4210U CPU @ 1.70GHz stepping 01
[    0.586861] checking TSC synchronization [CPU#0 -> CPU#3]: passed.
[    0.607005] Brought up 4 CPUs
[    0.607005] Total of 4 processors activated (19328.91 BogoMIPS).
[    0.609295] CPU0 attaching sched-domain:
[    0.609311]  domain 0: span 0-3 level CPU
[    0.609325]   groups: 0 1 2 3
[    0.609347] CPU1 attaching sched-domain:
[    0.609358]  domain 0: span 0-3 level CPU
[    0.609369]   groups: 1 2 3 0
[    0.609388] CPU2 attaching sched-domain:
[    0.609399]  domain 0: span 0-3 level CPU
[    0.609406]   groups: 2 3 0 1
[    0.609419] CPU3 attaching sched-domain:
[    0.609426]  domain 0: span 0-3 level CPU
[    0.609433]   groups: 3 0 1 2
[    0.613373] devtmpfs: initialized
[    0.615554] regulator: core version 0.5
[    0.615759] NET: Registered protocol family 16
[    0.615900] EISA bus registered
[    0.618098] ACPI: bus type pci registered
[    0.618459] PCI: PCI BIOS revision 2.10 entry at 0xfda26, last bus=0
[    0.618472] PCI: Using configuration type 1 for base access
[    0.623891] bio: create slab <bio-0> at 0
[    0.627956] ACPI: EC: Look up EC in DSDT
[    0.635876] ACPI: Executed 1 blocks of module-level executable AML code
[    0.643763] ACPI: Interpreter enabled
[    0.643866] ACPI: (supports S0 S5)
[    0.643871] ACPI: Using IOAPIC for interrupt routing
[    0.650060] ACPI: No dock devices found.
[    0.650352] ACPI: PCI Root Bridge [PCI0] (0000:00)
[    0.653478] pci 0000:00:01.1: reg 20 io port: [0xd000-0xd00f]
[    0.658050] pci 0000:00:02.0: reg 10 32bit mmio pref: [0xe0000000-0xe0ffffff]
[    0.661042] pci 0000:00:03.0: reg 10 32bit mmio: [0xf0000000-0xf001ffff]
[    0.661639] pci 0000:00:03.0: reg 18 io port: [0xd010-0xd017]
[    0.663478] pci 0000:00:04.0: reg 10 io port: [0xd020-0xd03f]
[    0.664766] pci 0000:00:04.0: reg 14 32bit mmio: [0xf0400000-0xf07fffff]
[    0.666771] pci 0000:00:04.0: reg 18 32bit mmio pref: [0xf0800000-0xf0803fff]
[    0.667977] pci 0000:00:05.0: reg 10 io port: [0xd100-0xd1ff]
[    0.668087] pci 0000:00:05.0: reg 14 io port: [0xd200-0xd23f]
[    0.670628] pci 0000:00:06.0: reg 10 32bit mmio: [0xf0804000-0xf0804fff]
[    0.672598] pci 0000:00:07.0: quirk: region 4000-403f claimed by PIIX4 ACPI
[    0.672633] pci 0000:00:07.0: quirk: region 4100-410f claimed by PIIX4 SMB
[    0.673729] pci 0000:00:0d.0: reg 10 io port: [0xd240-0xd247]
[    0.674021] pci 0000:00:0d.0: reg 18 io port: [0xd250-0xd257]
[    0.674312] pci 0000:00:0d.0: reg 20 io port: [0xd260-0xd26f]
[    0.677511] pci 0000:00:0d.0: reg 24 32bit mmio: [0xf0806000-0xf0807fff]
[    0.678846] pci_bus 0000:00: on NUMA node 0
[    0.678888] ACPI: PCI Interrupt Routing Table [\_SB_.PCI0._PRT]
[    0.700392] ACPI: PCI Interrupt Link [LNKA] (IRQs 5 9 10 *11)
[    0.701082] ACPI: PCI Interrupt Link [LNKB] (IRQs 5 9 10 *11)
[    0.701304] ACPI: PCI Interrupt Link [LNKC] (IRQs 5 9 *10 11)
[    0.701515] ACPI: PCI Interrupt Link [LNKD] (IRQs 5 *9 10 11)
[    0.701878] vgaarb: device added: PCI:0000:00:02.0,decodes=io+mem,owns=io+mem,locks=none
[    0.701894] vgaarb: loaded
[    0.701997] SCSI subsystem initialized
[    0.705953] libata version 3.00 loaded.
[    0.706515] usbcore: registered new interface driver usbfs
[    0.706553] usbcore: registered new interface driver hub
[    0.707866] usbcore: registered new device driver usb
[    0.709070] PCI: Using ACPI for IRQ routing
[    0.709823] NetLabel: Initializing
[    0.709831] NetLabel:  domain hash size = 128
[    0.709838] NetLabel:  protocols = UNLABELED CIPSOv4
[    0.709863] NetLabel:  unlabeled traffic allowed by default
[    0.710418] Switching to clocksource tsc
[    0.738186] pnp: PnP ACPI init
[    0.738599] ACPI: bus type pnp registered
[    0.741545] pnp: PnP ACPI: found 4 devices
[    0.741555] ACPI: ACPI bus type pnp unregistered
[    0.776560] pci_bus 0000:00: resource 0 io:  [0x00-0xffff]
[    0.776573] pci_bus 0000:00: resource 1 mem: [0x000000-0xffffffffffffffff]
[    0.776605] NET: Registered protocol family 2
[    0.776682] IP route cache hash table entries: 32768 (order: 5, 131072 bytes)
[    0.776835] TCP established hash table entries: 131072 (order: 8, 1048576 bytes)
[    0.777414] TCP bind hash table entries: 65536 (order: 7, 524288 bytes)
[    0.777639] TCP: Hash tables configured (established 131072 bind 65536)
[    0.777647] TCP reno registered
[    0.777751] NET: Registered protocol family 1
[    0.777771] pci 0000:00:00.0: Limiting direct PCI/PCI transfers
[    0.777838] pci 0000:00:01.0: Activating ISA DMA hang workarounds
[    0.777945] pci 0000:00:02.0: Boot video device
[    0.778017]   alloc irq_desc for 22 on node -1
[    0.778027]   alloc kstat_irqs on node -1
[    0.778105] pci 0000:00:06.0: PCI INT A -> GSI 22 (level, low) -> IRQ 22
[    0.778410] pci 0000:00:06.0: PCI INT A disabled
[    0.778514] Trying to unpack rootfs image as initramfs...
[    5.230490] Freeing initrd memory: 70123k freed
[    5.251831] platform rtc_cmos: registered platform RTC device (no PNP device found)
[    5.253862] microcode: CPU0 sig=0x40651, pf=0x40, revision=0x0
[    5.254019] microcode: CPU1 sig=0x40651, pf=0x40, revision=0x0
[    5.254179] microcode: CPU2 sig=0x40651, pf=0x40, revision=0x0
[    5.254224] microcode: CPU3 sig=0x40651, pf=0x40, revision=0x0
[    5.254300] Microcode Update Driver: v2.00 <tigran@aivazian.fsnet.co.uk>, Peter Oruba
[    5.254310] Scanning for low memory corruption every 60 seconds
[    5.255547] audit: initializing netlink socket (disabled)
[    5.255571] type=2000 audit(1497532513.004:1): initialized
[    5.280505] highmem bounce pool size: 64 pages
[    5.280527] HugeTLB registered 2 MB page size, pre-allocated 0 pages
[    5.286378] VFS: Disk quotas dquot_6.5.2
[    5.286469] Dquot-cache hash table entries: 1024 (order 0, 4096 bytes)
[    5.287076] fuse init (API version 7.13)
[    5.287388] msgmni has been set to 1737
[    5.296804] alg: No test for stdrng (krng)
[    5.296946] Block layer SCSI generic (bsg) driver version 0.4 loaded (major 253)
[    5.296956] io scheduler noop registered
[    5.296963] io scheduler anticipatory registered
[    5.296971] io scheduler deadline registered (default)
[    5.297039] io scheduler cfq registered
[    5.297234] pci_hotplug: PCI Hot Plug PCI Core version: 0.5
[    5.297282] pciehp: PCI Express Hot Plug Controller Driver version: 0.4
[    5.297290] acpiphp: ACPI Hot Plug PCI Controller Driver version: 0.5
[    5.297952] vesafb: framebuffer at 0xe0000000, mapped to 0xf8280000, using 1216k, total 1216k
[    5.297963] vesafb: mode is 640x480x32, linelength=2560, pages=0
[    5.297970] vesafb: scrolling: redraw
[    5.297979] vesafb: Truecolor: size=8:8:8:8, shift=24:16:8:0
[    5.298063] fbcon: VESA VGA (fb0) is primary device
[    5.303338] Console: switching to colour frame buffer device 80x30
[    5.306135] fb0: VESA VGA frame buffer device
[    5.306431] ACPI: AC Adapter [AC] (on-line)
[    5.306554] input: Power Button as /devices/LNXSYSTM:00/LNXPWRBN:00/input/input0
[    5.306611] ACPI: Power Button [PWRF]
[    5.306870] input: Sleep Button as /devices/LNXSYSTM:00/LNXSLPBN:00/input/input1
[    5.306880] ACPI: Sleep Button [SLPF]
[    5.308024] processor LNXCPU:00: registered as cooling_device0
[    5.308109] processor LNXCPU:01: registered as cooling_device1
[    5.308187] processor LNXCPU:02: registered as cooling_device2
[    5.308269] processor LNXCPU:03: registered as cooling_device3
[    5.311485] isapnp: Scanning for PnP cards...
[    5.317947] ACPI: Battery Slot [BAT0] (battery present)
[    5.660173] isapnp: No Plug & Play device found
[    5.663309] Linux agpgart interface v0.103
[    5.663567] ipmi message handler version 39.2
[    5.663605] Serial: 8250/16550 driver, 32 ports, IRQ sharing enabled
[    5.667576] brd: module loaded
[    5.669505] loop: module loaded
[    5.669650] ata_piix 0000:00:01.1: version 2.13
[    5.670555] scsi0 : ata_piix
[    5.671095] scsi1 : ata_piix
[    5.671174] ata1: PATA max UDMA/33 cmd 0x1f0 ctl 0x3f6 bmdma 0xd000 irq 14
[    5.671184] ata2: PATA max UDMA/33 cmd 0x170 ctl 0x376 bmdma 0xd008 irq 15
[    5.671419] PPP generic driver version 2.4.2
[    5.671625] tun: Universal TUN/TAP device driver, 1.6
[    5.671633] tun: (C) 1999-2004 Max Krasnyansky <maxk@qualcomm.com>
[    5.671794] ehci_hcd: USB 2.0 'Enhanced' Host Controller (EHCI) Driver
[    5.671871] ohci_hcd: USB 1.1 'Open' Host Controller (OHCI) Driver
[    5.671977] ohci_hcd 0000:00:06.0: PCI INT A -> GSI 22 (level, low) -> IRQ 22
[    5.672179] ohci_hcd 0000:00:06.0: OHCI Host Controller
[    5.672207] ohci_hcd 0000:00:06.0: new USB bus registered, assigned bus number 1
[    5.672424] ohci_hcd 0000:00:06.0: irq 22, io mem 0xf0804000
[    5.727494] usb usb1: New USB device found, idVendor=1d6b, idProduct=0001
[    5.727506] usb usb1: New USB device strings: Mfr=3, Product=2, SerialNumber=1
[    5.727516] usb usb1: Product: OHCI Host Controller
[    5.727523] usb usb1: Manufacturer: Linux 2.6.32.60 ohci_hcd
[    5.727531] usb usb1: SerialNumber: 0000:00:06.0
[    5.727825] usb usb1: configuration #1 chosen from 1 choice
[    5.727882] hub 1-0:1.0: USB hub found
[    5.727920] hub 1-0:1.0: 12 ports detected
[    5.728481] uhci_hcd: USB Universal Host Controller Interface driver
[    5.728602] PNP: PS/2 Controller [PNP0303:PS2K,PNP0f03:PS2M] at 0x60,0x64 irq 1,12
[    5.729863] serio: i8042 KBD port at 0x60,0x64 irq 1
[    5.729895] serio: i8042 AUX port at 0x60,0x64 irq 12
[    5.730134] mice: PS/2 mouse device common for all mice
[    5.730623] rtc_cmos rtc_cmos: rtc core: registered rtc_cmos as rtc0
[    5.731330] rtc0: alarms up to one day, 114 bytes nvram
[    5.732629] device-mapper: ioctl: 4.15.0-ioctl (2009-04-01) initialised: dm-devel@redhat.com
[    5.732886] EISA: Probing bus 0 at eisa.0
[    5.733048] Cannot allocate resource for EISA slot 4
[    5.733112] EISA: Detected 0 cards.
[    5.734910] input: AT Translated Set 2 keyboard as /devices/platform/i8042/serio0/input/input2
[    5.739132] cpuidle: using governor ladder
[    5.739146] cpuidle: using governor menu
[    5.739379] TCP cubic registered
[    5.739386] NET: Registered protocol family 10
[    5.739806] NET: Registered protocol family 17
[    5.740524] Using IPI No-Shortcut mode
[    5.740686] PM: Resume from disk failed.
[    5.740756] registered taskstats version 1
[    5.740860] No TPM chip found, activating TPM-bypass!
[    5.743511] rtc_cmos rtc_cmos: setting system clock to 2017-06-15 13:15:14 UTC (1497532514)
[    5.743527] BIOS EDD facility v0.16 2004-Jun-25, 0 devices found
[    5.743534] EDD information not available.
[    5.827990] ata2.00: ATAPI: VBOX CD-ROM, 1.0, max UDMA/133
[    5.828952] ata2.00: configured for UDMA/33
[    5.830759] scsi 1:0:0:0: CD-ROM            VBOX     CD-ROM           1.0  PQ: 0 ANSI: 5
[    5.835902] sr0: scsi3-mmc drive: 32x/32x xa/form2 tray
[    5.835913] Uniform CD-ROM driver Revision: 3.20
[    5.836121] sr 1:0:0:0: Attached scsi CD-ROM sr0
[    5.836221] sr 1:0:0:0: Attached scsi generic sg0 type 5
[    5.836586] Freeing unused kernel memory: 588k freed
[    5.837385] Write protecting the kernel text: 4488k
[    5.838017] Write protecting the kernel read-only data: 1912k
[    5.910325] <30>udevd[107]: starting version 175
[    6.039012] Intel(R) PRO/1000 Network Driver - version 7.3.21-k5-NAPI
[    6.039029] Copyright (c) 1999-2006 Intel Corporation.
[    6.039258]   alloc irq_desc for 19 on node -1
[    6.039272]   alloc kstat_irqs on node -1
[    6.039362] e1000 0000:00:03.0: PCI INT A -> GSI 19 (level, low) -> IRQ 19
[    6.058700] usb 1-1: new full speed USB device using ohci_hcd and address 2
[    6.265945] usb 1-1: New USB device found, idVendor=80ee, idProduct=0021
[    6.266002] usb 1-1: New USB device strings: Mfr=1, Product=3, SerialNumber=0
[    6.266016] usb 1-1: Product: USB Tablet
[    6.266027] usb 1-1: Manufacturer: VirtualBox
[    6.266367] usb 1-1: configuration #1 chosen from 1 choice
[    6.303473] usbcore: registered new interface driver hiddev
[    6.326428] input: VirtualBox USB Tablet as /devices/pci0000:00/0000:00:06.0/usb1/1-1/1-1:1.0/input/input3
[    6.326839] generic-usb 0003:80EE:0021.0001: input,hidraw0: USB HID v1.10 Mouse [VirtualBox USB Tablet] on usb-0000:00:06.0-1/input0
[    6.327181] usbcore: registered new interface driver usbhid
[    6.327192] usbhid: v2.6:USB HID core driver
[    6.610381] e1000: 0000:00:03.0: e1000_probe: (PCI:33MHz:32-bit) 08:00:27:63:39:fc
[    6.663691] e1000: eth0: e1000_probe: Intel(R) PRO/1000 Network Connection
[    6.663816] ahci 0000:00:0d.0: version 3.0
[    6.663951]   alloc irq_desc for 21 on node -1
[    6.663959]   alloc kstat_irqs on node -1
[    6.664011] ahci 0000:00:0d.0: PCI INT A -> GSI 21 (level, low) -> IRQ 21
[    6.664273] ahci: SSS flag set, parallel bus scan disabled
[    6.664581] ahci 0000:00:0d.0: AHCI 0001.0100 32 slots 1 ports 3 Gbps 0x1 impl SATA mode
[    6.664591] ahci 0000:00:0d.0: flags: 64bit ncq stag only ccc 
[    6.666065] scsi2 : ahci
[    6.666266] ata3: SATA max UDMA/133 abar m8192@0xf0806000 port 0xf0806100 irq 21
[    6.984463] ata3: SATA link up 3.0 Gbps (SStatus 123 SControl 300)
[    6.985977] ata3.00: ATA-6: VBOX HARDDISK, 1.0, max UDMA/133
[    6.985989] ata3.00: 20971520 sectors, multi 128: LBA48 NCQ (depth 31/32)
[    6.986501] ata3.00: configured for UDMA/133
[    6.986804] scsi 2:0:0:0: Direct-Access     ATA      VBOX HARDDISK    1.0  PQ: 0 ANSI: 5
[    6.987220] sd 2:0:0:0: Attached scsi generic sg1 type 0
[    6.987382] sd 2:0:0:0: [sda] 20971520 512-byte logical blocks: (10.7 GB/10.0 GiB)
[    6.987605] sd 2:0:0:0: [sda] Write Protect is off
[    6.987614] sd 2:0:0:0: [sda] Mode Sense: 00 3a 00 00
[    6.987760] sd 2:0:0:0: [sda] Write cache: enabled, read cache: enabled, doesn't support DPO or FUA
[    6.988226]  sda: sda1 sda2 < sda5 >
[    7.007169] sd 2:0:0:0: [sda] Attached SCSI disk
[    7.224035] EXT4-fs (sda1): mounted filesystem with ordered data mode
[    7.803923] init: ureadahead main process (236) terminated with status 5
[    8.172849] Adding 1046520k swap on /dev/sda5.  Priority:-1 extents:1 across:1046520k 
[    8.260099] fsck.ext4: sending ioctl 127c to a partition!
[    8.260117] fsck.ext4: sending ioctl 127c to a partition!
[    8.267517] fsck.ext4: sending ioctl 127c to a partition!
[    8.267639] fsck.ext4: sending ioctl 127c to a partition!
[    8.556505] <30>udevd[341]: starting version 175
[    9.138154] lp: driver loaded but no devices found
[    9.289072] piix4_smbus 0000:00:07.0: SMBus Host Controller at 0x4100, revision 0
[    9.915169] input: ImExPS/2 Generic Explorer Mouse as /devices/platform/i8042/serio1/input/input4
[    9.973259] input: Video Bus as /devices/LNXSYSTM:00/LNXSYBUS:00/PNP0A03:00/LNXVIDEO:00/input/input5
[    9.973311] ACPI: Video Device [GFX0] (multi-head: yes  rom: no  post: no)
[    9.993841] init: failsafe main process (658) killed by TERM signal
[   10.019751] ppdev: user-space parallel port driver
[   10.259064] init: alsa-restore main process (739) terminated with status 19
[   10.464113] Bluetooth: Core ver 2.15
[   10.464560] NET: Registered protocol family 31
[   10.464565] Bluetooth: HCI device and connection manager initialized
[   10.464570] Bluetooth: HCI socket layer initialized
[   10.713461] ADDRCONF(NETDEV_UP): eth0: link is not ready
[   10.717526] e1000: eth0 NIC Link is Up 1000 Mbps Full Duplex, Flow Control: RX
[   10.719261] ADDRCONF(NETDEV_CHANGE): eth0: link becomes ready
[   11.478538] Intel ICH 0000:00:05.0: PCI INT A -> GSI 21 (level, low) -> IRQ 21
[   11.759832] intel8x0: white list rate for 1028:0177 is 48000
[   21.414583] eth0: no IPv6 routers present
[   45.341742] a.out, 8051000
[   45.342945] a.out, B7741000
[   45.344240] a.out, B7721000
[   45.344264] a.out, B7724000
[   45.344284] a.out, B7738000
[   45.344308] a.out, B7740000
[   45.345567] a.out, B7725000
[   45.345628] a.out, B7720000
[   45.345704] a.out, B772A000
[   45.345728] a.out, B7734000
[   45.345741] a.out, B7739000
[   45.345781] a.out, B7735000
[   45.345802] a.out, B7736000
[   45.345820] a.out, B7722000
[   45.345839] a.out, B772B000
[   45.345860] a.out, 8048000
[   45.345881] a.out, B7723000
[   45.345900] a.out, 8049000
[   45.345931] a.out, B7727000
[   45.345952] a.out, B7737000
[   45.345975] a.out, B773A000
[   45.346062] a.out, B7728000
[   45.346080] a.out, B772F000
[   45.346139] a.out, B772D000
[   45.346158] a.out, B772E000
[   45.346181] a.out, B7729000
[   45.349159] a.out, B770D000
[   45.350484] a.out, B770F000
[   45.351483] a.out, B7711000
[   45.352387] a.out, B7717000
[   45.353378] a.out, B7712000
[   45.354212] a.out, B771A000
[   45.355380] a.out, B771B000
[   45.361111] a.out, B7726000
[   45.361151] a.out, B7731000
[   45.361223] a.out, B7709000
[   45.362655] a.out, B7708000
[   45.364608] a.out, B7562000
[   45.364635] a.out, B7574000
[   45.364668] a.out, B7730000
[   45.364690] a.out, B7575000
[   45.364710] a.out, B7576000
[   45.364984] a.out, B7707000
[   45.369828] a.out, B7577000
[   45.369855] a.out, B7578000
[   45.369876] a.out, B7567000
[   45.369895] a.out, B7571000
[   45.369917] a.out, B7563000
[   45.369939] a.out, B756C000
[   45.369961] a.out, B7573000
[   45.369983] a.out, B7565000
[   45.370006] a.out, B7570000
[   45.370029] a.out, B756B000
[   45.370048] a.out, B756F000
[   45.370069] a.out, B7564000
[   45.370140] a.out, B756D000
[   45.370162] a.out, B756E000
[   45.370184] a.out, B7568000
[   45.370209] a.out, B756A000
[   45.370239] a.out, B7566000
[   45.370275] a.out, B772C000
[   45.370305] a.out, B7572000
[   45.370307] a.out, B7569000
[   45.370684] a.out, B75E0000
[   45.370704] a.out, B768D000
[   45.370726] a.out, B757B000
[   45.370775] a.out, B75E1000
[   45.370798] a.out, B75E6000
[   45.370818] a.out, B75FA000
[   45.370855] a.out, B7732000
[   45.370879] a.out, 804A000
[   45.371013] a.out, B7651000
[   45.371065] a.out, B7589000
[   45.371093] a.out, B7593000
[   45.371111] a.out, B76BF000
[   45.371176] a.out, B7595000
[   45.371196] a.out, B758F000
[   45.371215] a.out, B75A1000
[   45.371233] a.out, B75A0000
[   45.372322] a.out, B7590000
[   45.372560] a.out, B761A000
[   45.372853] a.out, B75A0000
[   45.372885] a.out, B75A1000
[   45.372904] a.out, B7590000
[   45.372972] a.out, B768D000
[   45.373016] a.out, B761B000
[   45.373038] a.out, B76C3000
[   45.374211] a.out, 8048000
[   51.519698]  page fault test program starts !
[   51.520659] a.out, B7640000
[   51.520682] a.out, B7647000
[   51.520688] a.out, B764E000
[   51.520697] a.out, B764A000
[   51.520703] a.out, AFC9B000
[   51.521142] a.out, B75AE000
[   51.521151] a.out, B75A4000
[   51.521160] a.out, B75E2000
[   51.521166] a.out, B75D3000
[   51.521172] a.out, B76BD000
[   51.521178] a.out, B75A7000
[   51.521184] a.out, B75A9000
[   51.521190] a.out, B75A8000
[   51.521196] a.out, B75D5000
[   51.521202] a.out, B75D4000
[   51.521209] a.out, B75C7000
[   51.521224] a.out, B75A5000
[   51.521230] a.out, B75D2000
[   51.521236] a.out, B7641000
[   51.521258] a.out, B75DC000
[   51.521266] a.out, AFE15000
[   51.522457] a.out, AF569000
[   51.522824] a.out, AF637000
[   51.523199] a.out, AF769000
[   51.523546] a.out, AF8F3000
[   51.524128] a.out, B04EE000
[   51.524489] a.out, AF63B000
[   51.524829] a.out, AF713000
[   51.525194] a.out, B02DD000
[   51.526444] a.out, AFA56000
[   51.527284] a.out, AFEC1000
[   51.528320] a.out, AF84A000
[   51.528713] a.out, AF930000
[   51.529438] a.out, AFDAC000
[   51.530435] a.out, AF924000
[   51.530783] a.out, AF61B000
[   51.531162] a.out, AF96E000
[   51.531505] a.out, AFB2F000
[   51.532079] a.out, B0478000
[   51.532443] a.out, B0192000
[   51.533144] a.out, AF883000
[   51.534469] a.out, AF82B000
[   51.535232] a.out, B04E5000
[   51.539813] a.out, B0497000
[   51.540221] a.out, B02CE000
[   51.541139] a.out, AFF12000
[   51.542283] a.out, AF665000
[   51.542658] a.out, B0493000
[   51.543005] a.out, B002A000
[   51.543426] a.out, AF633000
[   51.543770] a.out, AFC17000
[   51.544157] a.out, AFA6E000
[   51.544501] a.out, AFF16000
[   51.544842] a.out, B043A000
[   51.545250] a.out, B0474000
[   51.545589] a.out, B030D000
[   51.545961] a.out, B00E4000
[   51.546319] a.out, AF6AC000
[   51.546670] a.out, B007C000
[   51.547856] a.out, AFFCA000
[   51.550012] a.out, AFDB5000
[   51.551262] a.out, AF793000
[   51.551675] a.out, AFFE3000
[   51.553079] a.out, AF810000
[   51.553771] a.out, AF71E000
[   51.554491] a.out, AF5C8000
[   51.555008] a.out, AFF3B000
[   51.555728] a.out, AFB71000
[   51.556496] a.out, B04A1000
[   51.556935] a.out, AF98A000
[   51.557262] a.out, B0296000
[   51.557607] a.out, AFE55000
[   51.557948] a.out, B0413000
[   51.558663] a.out, AFDBA000
[   51.559123] a.out, B04DC000
[   51.559736] a.out, AFA45000
[   51.560119] a.out, B0482000
[   51.560650] a.out, AF999000
[   51.561101] a.out, B0227000
[   51.561419] a.out, B02E2000
[   51.561870] a.out, AFE10000
[   51.562674] a.out, B035B000
[   51.563473] a.out, AFF50000
[   51.564461] a.out, AFEE9000
[   51.564811] a.out, B0517000
[   51.565570] a.out, B0422000
[   51.566499] a.out, AFCA4000
[   51.566811] a.out, B0327000
[   51.567121] a.out, AFDA0000
[   51.567458] a.out, B046D000
[   51.567786] a.out, B043E000
[   51.568118] a.out, B02E1000
[   51.568515] a.out, AF719000
[   51.568843] a.out, AF678000
[   51.569166] a.out, AF7C7000
[   51.569495] a.out, AFC45000
[   51.569817] a.out, AF8B1000
[   51.570248] a.out, AFDC9000
[   51.571539] a.out, B00DC000
[   51.572122] a.out, B028D000
[   51.572876] a.out, AFF7B000
[   51.573372] a.out, AFFB8000
[   51.573685] a.out, AFC80000
[   51.574102] a.out, AFF5C000
[   51.574460] a.out, B03F9000
[   51.574846] a.out, B0036000
[   51.575155] a.out, B02FE000
[   51.575452] a.out, B00A1000
[   51.575780] a.out, B00BA000
[   51.576100] a.out, AFC07000
[   51.576471] a.out, AF753000
[   51.576794] a.out, B0154000
[   51.577125] a.out, B0354000
[   51.577457] a.out, AF7B9000
[   51.577763] a.out, AFB72000
[   51.578060] a.out, B0428000
[   51.578623] a.out, B0525000
[   51.579064] a.out, AF799000
[   51.579420] a.out, AFBB5000
[   51.579888] a.out, AF79D000
[   51.580369] a.out, B0324000
[   51.580722] a.out, AFE58000
[   51.581439] a.out, AFAD1000
[   51.581929] a.out, B04F8000
[   51.582450] a.out, AF807000
[   51.582864] a.out, AF968000
[   51.583356] a.out, AF8C3000
[   51.583709] a.out, B01B3000
[   51.584057] a.out, AF89A000
[   51.584534] a.out, AFE26000
[   51.585026] a.out, B0404000
[   51.585459] a.out, AF632000
[   51.586066] a.out, AF866000
[   51.587631] a.out, AF664000
[   51.588299] a.out, B0105000
[   51.588757] a.out, B03BF000
[   51.589114] a.out, AF596000
[   51.589788] a.out, AFD29000
[   51.590121] a.out, AF5E6000
[   51.590888] a.out, AFCAE000
[   51.591509] a.out, AFFFD000
[   51.591842] a.out, AFE50000
[   51.592174] a.out, AFC4E000
[   51.592502] a.out, AFBF2000
[   51.592839] a.out, B0148000
[   51.593152] a.out, AFF04000
[   51.593481] a.out, AFC73000
[   51.593854] a.out, AF92B000
[   51.594188] a.out, B01D3000
[   51.594670] a.out, B0050000
[   51.595215] a.out, AF9B9000
[   51.595881] a.out, B004D000
[   51.597286] a.out, AF661000
[   51.598009] a.out, B0200000
[   51.598528] a.out, AFDBB000
[   51.599128] a.out, B0347000
[   51.599770] a.out, AF9CE000
[   51.600106] a.out, AF805000
[   51.600443] a.out, AF89D000
[   51.600786] a.out, AFFCD000
[   51.601123] a.out, B0353000
[   51.601430] a.out, AF84B000
[   51.601742] a.out, AFF9E000
[   51.602200] a.out, AF9F8000
[   51.602711] a.out, AFBB9000
[   51.603274] a.out, AF9CA000
[   51.603602] a.out, AFF15000
[   51.603929] a.out, B01E9000
[   51.604248] a.out, AFD7D000
[   51.604587] a.out, B0215000
[   51.604909] a.out, AFA63000
[   51.605257] a.out, AFE7F000
[   51.605600] a.out, AF7D1000
[   51.605937] a.out, B03FA000
[   51.606588] a.out, AFB47000
[   51.607070] a.out, AFF88000
[   51.607578] a.out, AF6A5000
[   51.608077] a.out, AFB5A000
[   51.608399] a.out, AF96D000
[   51.608731] a.out, B031E000
[   51.610027] a.out, AFB2B000
[   51.610606] a.out, AF8E6000
[   51.610956] a.out, AFFB5000
[   51.611352] a.out, AFA3A000
[   51.612834] a.out, B0434000
[   51.613789] a.out, AFDE4000
[   51.614217] a.out, B013A000
[   51.616249] a.out, B0339000
[   51.617847] a.out, AFFB1000
[   51.618630] a.out, AF64F000
[   51.619227] a.out, B002D000
[   51.619646] a.out, B00D5000
[   51.620091] a.out, AFC06000
[   51.620445] a.out, B0541000
[   51.621198] a.out, AFC5D000
[   51.621519] a.out, AF818000
[   51.621853] a.out, AFCB1000
[   51.622190] a.out, AFBAB000
[   51.622580] a.out, B01BD000
[   51.622908] a.out, AFE05000
[   51.623213] a.out, B0446000
[   51.623546] a.out, AFC23000
[   51.623907] a.out, AF7BD000
[   51.624348] a.out, AFBF7000
[   51.624672] a.out, B0070000
[   51.625004] a.out, AFE52000
[   51.625333] a.out, AF8BE000
[   51.627178] a.out, AF576000
[   51.628007] a.out, AFD20000
[   51.628546] a.out, B010B000
[   51.629237] a.out, AF6D8000
[   51.629571] a.out, AFB06000
[   51.629891] a.out, AFEAC000
[   51.630224] a.out, AFCD7000
[   51.630652] a.out, AF9D1000
[   51.631437] a.out, B0260000
[   51.632059] a.out, AFB84000
[   51.632395] a.out, AFB50000
[   51.632732] a.out, AFF52000
[   51.633076] a.out, AFE56000
[   51.633408] a.out, B0526000
[   51.633740] a.out, AFB17000
[   51.634061] a.out, AFDE1000
[   51.634407] a.out, AFE17000
[   51.634874] a.out, AFC22000
[   51.635289] a.out, AFC79000
[   51.635626] a.out, AFE73000
[   51.635943] a.out, AFC76000
[   51.636261] a.out, AF572000
[   51.636579] a.out, B0427000
[   51.636905] a.out, AF620000
[   51.637223] a.out, AFF39000
[   51.637541] a.out, AF991000
[   51.637871] a.out, AF56A000
[   51.638191] a.out, AF8D2000
[   51.638482] a.out, AF778000
[   51.638894] a.out, AF6D0000
[   51.639221] a.out, AFF68000
[   51.639545] a.out, AFE80000
[   51.639967] a.out, AF741000
[   51.640311] a.out, AFBE6000
[   51.640640] a.out, B04C3000
[   51.641062] a.out, AF657000
[   51.641813] a.out, AF6F6000
[   51.642177] a.out, AFA13000
[   51.642553] a.out, B03C3000
[   51.642885] a.out, AFED2000
[   51.643197] a.out, B0479000
[   51.643484] a.out, AFC10000
[   51.643827] a.out, AFCFA000
[   51.644841] a.out, AFC77000
[   51.646099] a.out, B04B8000
[   51.646874] a.out, AFBCF000
[   51.647936] a.out, B045B000
[   51.648469] a.out, AF756000
[   51.648918] a.out, AF90A000
[   51.649354] a.out, AF78B000
[   51.650057] a.out, AF65B000
[   51.651393] a.out, AFA78000
[   51.652256] a.out, B0365000
[   51.653595] a.out, B011F000
[   51.654108] a.out, AFDA3000
[   51.654522] a.out, AFD77000
[   51.654881] a.out, AF8CD000
[   51.655216] a.out, B0133000
[   51.655555] a.out, AF67B000
[   51.656522] a.out, B006E000
[   51.657310] a.out, AFF8F000
[   51.658324] a.out, AFD7F000
[   51.658906] a.out, B012D000
[   51.659495] a.out, B04AB000
[   51.659836] a.out, AFCA7000
[   51.660169] a.out, B00B2000
[   51.660510] a.out, AF6C9000
[   51.660833] a.out, B02A0000
[   51.661185] a.out, AFA31000
[   51.661533] a.out, B02F1000
[   51.661924] a.out, AF75E000
[   51.662524] a.out, AFF47000
[   51.664181] a.out, AF7FF000
[   51.665326] a.out, AF5C1000
[   51.666350] a.out, AFBE9000
[   51.667160] a.out, AF63E000
[   51.667478] a.out, AFCCE000
[   51.668283] a.out, AFD1B000
[   51.669263] a.out, B0344000
[   51.669580] a.out, AF7BC000
[   51.669903] a.out, AFB4D000
[   51.670231] a.out, AFC35000
[   51.672189] a.out, AFD90000
[   51.672549] a.out, AFEA4000
[   51.672867] a.out, AF98E000
[   51.673199] a.out, B0420000
[   51.673515] a.out, B052F000
[   51.673834] a.out, AFC93000
[   51.674145] a.out, AF72F000
[   51.674484] a.out, B0198000
[   51.675036] a.out, AFC65000
[   51.675501] a.out, AF643000
[   51.675984] a.out, B042B000
[   51.676479] a.out, AFA2B000
[   51.676857] a.out, B036F000
[   51.677299] a.out, AFF24000
[   51.678882] a.out, AFB8A000
[   51.680058] a.out, AFF67000
[   51.680556] a.out, B0403000
[   51.681851] a.out, B0194000
[   51.682322] a.out, B02A7000
[   51.682781] a.out, AF949000
[   51.683517] a.out, B02AF000
[   51.683941] a.out, AF803000
[   51.684637] a.out, AFE45000
[   51.684960] a.out, AFF44000
[   51.685278] a.out, B044C000
[   51.685599] a.out, AF705000
[   51.685924] a.out, B001A000
[   51.686335] a.out, AFCB8000
[   51.686760] a.out, AFB30000
[   51.687082] a.out, AF698000
[   51.687410] a.out, B033F000
[   51.687788] a.out, AFB74000
[   51.688152] a.out, AFF92000
[   51.688588] a.out, AF860000
[   51.688905] a.out, AF64C000
[   51.689235] a.out, AF7AF000
[   51.689570] a.out, B0480000
[   51.689895] a.out, AFBFE000
[   51.691135] a.out, AFE0F000
[   51.691571] a.out, AFAC0000
[   51.691947] a.out, AFED1000
[   51.693243] a.out, B0089000
[   51.694055] a.out, AF79B000
[   51.694497] a.out, B0351000
[   51.694986] a.out, AFE1A000
[   51.696114] a.out, B04B1000
[   51.697218] a.out, AF5F4000
[   51.698187] a.out, AF8A6000
[   51.698796] a.out, B0471000
[   51.699240] a.out, B0106000
[   51.699563] a.out, AFAB1000
[   51.699889] a.out, AFFDC000
[   51.700241] a.out, AF5A3000
[   51.700562] a.out, AFBA4000
[   51.700917] a.out, AF80B000
[   51.701878] a.out, AFBCD000
[   51.702406] a.out, AF5DC000
[   51.703027] a.out, AFD5A000
[   51.703466] a.out, AF9C0000
[   51.703990] a.out, B0310000
[   51.704985] a.out, B00BB000
[   51.705310] a.out, AFD6E000
[   51.705698] a.out, B007F000
[   51.706446] a.out, B00C0000
[   51.706934] a.out, AFAC1000
[   51.707343] a.out, AF9C4000
[   51.707879] a.out, AFDBF000
[   51.708323] a.out, AF5D3000
[   51.708804] a.out, AFCE5000
[   51.709390] a.out, B01CA000
[   51.709986] a.out, B0209000
[   51.710652] a.out, B0458000
[   51.711223] a.out, AFFE8000
[   51.712172] a.out, B0125000
[   51.713024] a.out, AFC08000
[   51.713611] a.out, B025F000
[   51.713945] a.out, AF7FB000
[   51.714348] a.out, B003D000
[   51.714704] a.out, AFA34000
[   51.715017] a.out, AFD9B000
[   51.715349] a.out, B02F7000
[   51.715684] a.out, B0515000
[   51.716125] a.out, AF879000
[   51.716502] a.out, AFC9C000
[   51.717592] a.out, AFC6D000
[   51.718486] a.out, B03E2000
[   51.718828] a.out, AFC30000
[   51.719458] a.out, AFB66000
[   51.719861] a.out, AF8A3000
[   51.720307] a.out, AF5B7000
[   51.720635] a.out, B012A000
[   51.720954] a.out, B0019000
[   51.721287] a.out, AFE03000
[   51.721619] a.out, AFE5F000
[   51.721929] a.out, AFC91000
[   51.722326] a.out, AFADE000
[   51.722979] a.out, B0027000
[   51.723313] a.out, B04C5000
[   51.723956] a.out, AF7D6000
[   51.724405] a.out, B0536000
[   51.725167] a.out, AF8C0000
[   51.726388] a.out, AFEF3000
[   51.726862] a.out, B0491000
[   51.727188] a.out, B00DF000
[   51.727529] a.out, B050E000
[   51.727827] a.out, AFEB3000
[   51.728248] a.out, B0378000
[   51.728571] a.out, B0025000
[   51.728902] a.out, AFF90000
[   51.729317] a.out, B01CC000
[   51.729779] a.out, AFC82000
[   51.730169] a.out, B025C000
[   51.731122] a.out, B0006000
[   51.731482] a.out, B015B000
[   51.731965] a.out, B015E000
[   51.732385] a.out, B0401000
[   51.732723] a.out, B041C000
[   51.733071] a.out, AF7C0000
[   51.733407] a.out, AF8FA000
[   51.733750] a.out, AFED5000
[   51.734082] a.out, AF6FA000
[   51.734420] a.out, AFAFE000
[   51.734937] a.out, AF65C000
[   51.735289] a.out, AF6A1000
[   51.735927] a.out, B0166000
[   51.736197] a.out, AFF30000
[   51.736516] a.out, B000B000
[   51.736859] a.out, AF7A5000
[   51.738470] a.out, AFC84000
[   51.738961] a.out, B0284000
[   51.739460] a.out, B004A000
[   51.740006] a.out, AFD59000
[   51.742418] a.out, B04D7000
[   51.743052] a.out, AFB32000
[   51.745432] a.out, AFF4F000
[   51.745976] a.out, AFC52000
[   51.746983] a.out, AFF6F000
[   51.747295] a.out, B008E000
[   51.747659] a.out, B029F000
[   51.748806] a.out, AFFA2000
[   51.749132] a.out, B0242000
[   51.749475] a.out, B013F000
[   51.749805] a.out, B0460000
[   51.750136] a.out, AF8C5000
[   51.752938] a.out, AFC27000
[   51.753314] a.out, B010D000
[   51.753836] a.out, AF9C9000
[   51.754145] a.out, AF669000
[   51.754614] a.out, AF98C000
[   51.755118] a.out, AFD89000
[   51.755684] a.out, B0535000
[   51.755979] a.out, AF629000
[   51.756400] a.out, B028C000
[   51.757037] a.out, AF787000
[   51.757492] a.out, AF6A2000
[   51.757970] a.out, AF5A6000
[   51.758725] a.out, AFBEB000
[   51.759140] a.out, AFE0B000
[   51.759500] a.out, AF764000
[   51.759818] a.out, B0547000
[   51.760210] a.out, AFEE1000
[   51.760541] a.out, AFD5D000
[   51.760907] a.out, AFA17000
[   51.761430] a.out, B02EA000
[   51.761849] a.out, AFB90000
[   51.762339] a.out, AF936000
[   51.762920] a.out, AFDCC000
[   51.763298] a.out, B0359000
[   51.763637] a.out, AFDF4000
[   51.764047] a.out, AFEB9000
[   51.764443] a.out, B000A000
[   51.764798] a.out, B001D000
[   51.765157] a.out, AF6D2000
[   51.765502] a.out, AF59A000
[   51.765828] a.out, AFC11000
[   51.766242] a.out, AFF3A000
[   51.766750] a.out, B035E000
[   51.767740] a.out, AF8DC000
[   51.768115] a.out, B0319000
[   51.769056] a.out, AFD8E000
[   51.771236] a.out, B0409000
[   51.772452] a.out, AFDFC000
[   51.773133] a.out, B0065000
[   51.773677] a.out, AFBDF000
[   51.774296] a.out, AFDB9000
[   51.774663] a.out, B0511000
[   51.775012] a.out, AFFA9000
[   51.775866] a.out, AFA95000
[   51.777073] a.out, AFEE5000
[   51.778292] a.out, AFDC6000
[   51.778705] a.out, B017E000
[   51.779074] a.out, AFEFF000
[   51.779808] a.out, AF817000
[   51.780187] a.out, AFA05000
[   51.780521] a.out, B0281000
[   51.780858] a.out, AF812000
[   51.781196] a.out, AFEDB000
[   51.781545] a.out, AF929000
[   51.781894] a.out, AF5AC000
[   51.782229] a.out, B01B7000
[   51.782605] a.out, AFC29000
[   51.782976] a.out, B0176000
[   51.784066] a.out, AFC83000
[   51.784441] a.out, AF921000
[   51.784702] a.out, B0061000
[   51.785040] a.out, AF590000
[   51.785496] a.out, AFD50000
[   51.785828] a.out, B0429000
[   51.786178] a.out, AFA2A000
[   51.786525] a.out, AFD56000
[   51.786886] a.out, AFFB4000
[   51.787224] a.out, AFDC5000
[   51.787568] a.out, AF7C5000
[   51.787899] a.out, AF987000
[   51.788250] a.out, AFC68000
[   51.788576] a.out, B04C7000
[   51.788910] a.out, AFA60000
[   51.789251] a.out, B011A000
[   51.789581] a.out, B0272000
[   51.789901] a.out, B0043000
[   51.790340] a.out, AF6FE000
[   51.790988] a.out, AF5D2000
[   51.791452] a.out, AFA3D000
[   51.791781] a.out, B00DE000
[   51.792101] a.out, AF6EA000
[   51.792434] a.out, AFEB5000
[   51.792763] a.out, AF597000
[   51.793108] a.out, B0143000
[   51.794228] a.out, AFE0D000
[   51.794548] a.out, AFCEC000
[   51.794934] a.out, B047F000
[   51.795255] a.out, AFC70000
[   51.795585] a.out, AF939000
[   51.796051] a.out, B00D1000
[   51.796386] a.out, B0236000
[   51.796706] a.out, B0264000
[   51.797037] a.out, AFB0E000
[   51.797352] a.out, AFE25000
[   51.797669] a.out, B051D000
[   51.798016] a.out, AF7FA000
[   51.798916] a.out, AF636000
[   51.799266] a.out, AF94F000
[   51.799599] a.out, B019C000
[   51.800290] a.out, AF65D000
[   51.802247] a.out, AF8A8000
[   51.803018] a.out, B04FA000
[   51.804018] a.out, AF786000
[   51.805597] a.out, B0072000
[   51.806020] a.out, AFD58000
[   51.806358] a.out, AFB09000
[   51.806726] a.out, AFDA5000
[   51.807192] a.out, AF701000
[   51.807565] a.out, B0424000
[   51.807903] a.out, AF5B3000
[   51.808236] a.out, AFAE9000
[   51.808598] a.out, AF70B000
[   51.808942] a.out, AFFA4000
[   51.809262] a.out, AF652000
[   51.809581] a.out, AFD8C000
[   51.809895] a.out, B0101000
[   51.810244] a.out, AFA68000
[   51.810696] a.out, AF796000
[   51.811381] a.out, AF5CB000
[   51.812142] a.out, B019B000
[   51.812606] a.out, AFFF7000
[   51.812979] a.out, B037E000
[   51.813355] a.out, AF5DF000
[   51.813738] a.out, AFF94000
[   51.814074] a.out, AFE31000
[   51.814440] a.out, AFB1D000
[   51.814846] a.out, B014F000
[   51.815262] a.out, B0234000
[   51.815656] a.out, AFCBE000
[   51.816048] a.out, AFE9E000
[   51.816409] a.out, B04E1000
[   51.816758] a.out, AFFA5000
[   51.817085] a.out, B03F1000
[   51.817547] a.out, B04E9000
[   51.817876] a.out, AFE3B000
[   51.818345] a.out, AF90F000
[   51.818667] a.out, AF80E000
[   51.818979] a.out, AFEC8000
[   51.819335] a.out, AF8DA000
[   51.819672] a.out, AFE9B000
[   51.819998] a.out, B008D000
[   51.820324] a.out, AF835000
[   51.820635] a.out, B04B3000
[   51.820961] a.out, B022B000
[   51.821283] a.out, B0030000
[   51.821597] a.out, AFDED000
[   51.822258] a.out, B02D7000
[   51.822638] a.out, AFADC000
[   51.822980] a.out, AFDE9000
[   51.823335] a.out, AFBC0000
[   51.823696] a.out, AFD8F000
[   51.824042] a.out, AFE20000
[   51.824342] a.out, AF5F3000
[   51.824746] a.out, B04AF000
[   51.825263] a.out, AFF45000
[   51.825567] a.out, AFD9A000
[   51.825867] a.out, AFF53000
[   51.826326] a.out, AF806000
[   51.826648] a.out, AF7EE000
[   51.827004] a.out, AF834000
[   51.827324] a.out, B02B5000
[   51.827761] a.out, AFF31000
[   51.830359] a.out, AFE3C000
[   51.830977] a.out, B02C0000
[   51.831686] a.out, B01A1000
[   51.833191] a.out, B0039000
[   51.834288] a.out, B000F000
[   51.835045] a.out, B01C5000
[   51.835485] a.out, AFDAD000
[   51.835810] a.out, AFF5A000
[   51.836139] a.out, B0484000
[   51.836466] a.out, AFF5D000
[   51.836879] a.out, AF6A8000
[   51.837220] a.out, AF95D000
[   51.837590] a.out, AF9FE000
[   51.837918] a.out, AFD7A000
[   51.838296] a.out, AF918000
[   51.838715] a.out, AFF8B000
[   51.839052] a.out, B04A7000
[   51.839590] a.out, B01C7000
[   51.839937] a.out, B045A000
[   51.840446] a.out, AFD65000
[   51.841751] a.out, B0159000
[   51.842317] a.out, B0387000
[   51.842707] a.out, B038C000
[   51.843073] a.out, B0454000
[   51.843438] a.out, B03A5000
[   51.843776] a.out, B01D7000
[   51.844647] a.out, B0040000
[   51.844980] a.out, B01B4000
[   51.845320] a.out, B028A000
[   51.845648] a.out, AFDE0000
[   51.846379] a.out, AF6B7000
[   51.846815] a.out, AF566000
[   51.847139] a.out, AF9BF000
[   51.848353] a.out, AF83F000
[   51.848806] a.out, AFE11000
[   51.849610] a.out, B04CC000
[   51.850649] a.out, B005A000
[   51.851395] a.out, AF94D000
[   51.851862] a.out, B0265000
[   51.852402] a.out, AF721000
[   51.852731] a.out, AFD2A000
[   51.853081] a.out, B0020000
[   51.853410] a.out, AFE06000
[   51.853734] a.out, B00FB000
[   51.854222] a.out, B04E2000
[   51.854558] a.out, AF9C1000
[   51.854881] a.out, AF73B000
[   51.855196] a.out, AF97B000
[   51.855514] a.out, B0063000
[   51.855835] a.out, B0121000
[   51.856232] a.out, AFC5E000
[   51.856539] a.out, AF875000
[   51.856868] a.out, B0293000
[   51.857197] a.out, AF7B7000
[   51.857538] a.out, AF73D000
[   51.857851] a.out, AF6DE000
[   51.858329] a.out, B0338000
[   51.858668] a.out, AFAF5000
[   51.858978] a.out, AFDD0000
[   51.859310] a.out, AF6E6000
[   51.862468] a.out, AFBC2000
[   51.863177] a.out, AFED0000
[   51.863880] a.out, AFFAB000
[   51.866607] a.out, B001E000
[   51.867338] a.out, B005D000
[   51.868077] a.out, B024B000
[   51.868894] a.out, AF8F4000
[   51.870024] a.out, B039D000
[   51.871005] a.out, AFAEA000
[   51.871323] a.out, AFCB7000
[   51.871639] a.out, AF94A000
[   51.871949] a.out, B027B000
[   51.872263] a.out, AFE22000
[   51.872599] a.out, B0059000
[   51.872915] a.out, AF9D2000
[   51.873242] a.out, B0331000
[   51.873528] a.out, AF625000
[   51.873889] a.out, B0385000
[   51.874196] a.out, B0013000
[   51.874580] a.out, AFA7D000
[   51.875298] a.out, AFABF000
[   51.875660] a.out, AF751000
[   51.876055] a.out, AFFB6000
[   51.876690] a.out, AFF91000
[   51.877401] a.out, AFC61000
[   51.880315] a.out, AF735000
[   51.880684] a.out, AF8B9000
[   51.881026] a.out, AFC63000
[   51.881485] a.out, AFD8D000
[   51.881819] a.out, B054F000
[   51.882279] a.out, AF762000
[   51.882604] a.out, B033A000
[   51.882966] a.out, AFD8B000
[   51.883287] a.out, AF8FF000
[   51.883676] a.out, B0452000
[   51.884005] a.out, AFDD4000
[   51.884333] a.out, B049F000
[   51.884666] a.out, AF5CD000
[   51.884984] a.out, AFA4A000
[   51.885294] a.out, AFE43000
[   51.885600] a.out, B0083000
[   51.885906] a.out, B003A000
[   51.886336] a.out, AF889000
[   51.886792] a.out, AF9A9000
[   51.887107] a.out, B025E000
[   51.887432] a.out, B026F000
[   51.887750] a.out, AFE8E000
[   51.888072] a.out, AF9CF000
[   51.888394] a.out, B02B0000
[   51.888709] a.out, B0318000
[   51.891537] a.out, AFFC7000
[   51.891903] a.out, B0067000
[   51.892412] a.out, AFCE3000
[   51.892891] a.out, AF56D000
[   51.893447] a.out, AFE4F000
[   51.894871] a.out, B03E5000
[   51.895830] a.out, B03A1000
[   51.896642] a.out, B024E000
[   51.897176] a.out, AF863000
[   51.897680] a.out, AFA65000
[   51.898309] a.out, B0527000
[   51.898641] a.out, AFF4E000
[   51.898979] a.out, AFD5C000
[   51.899338] a.out, AFBFA000
[   51.899663] a.out, AF785000
[   51.899989] a.out, B02B1000
[   51.900318] a.out, AF76D000
[   51.900582] a.out, AF8AD000
[   51.900908] a.out, AFDC4000
[   51.901230] a.out, AFA3E000
[   51.901541] a.out, AF82E000
[   51.901851] a.out, B0102000
[   51.902278] a.out, AF6E9000
[   51.902829] a.out, B043D000
[   51.903151] a.out, B0388000
[   51.903486] a.out, AF6E8000
[   51.903808] a.out, B00FD000
[   51.904125] a.out, AF849000
[   51.904465] a.out, AF565000
[   51.904854] a.out, AFBFD000
[   51.905917] a.out, AF777000
[   51.906261] a.out, AFE12000
[   51.906659] a.out, B0299000
[   51.907238] a.out, AF6B1000
[   51.907577] a.out, AFE09000
[   51.907925] a.out, B0220000
[   51.908477] a.out, AFBEF000
[   51.908931] a.out, B048E000
[   51.909674] a.out, B005C000
[   51.910659] a.out, AF70E000
[   51.911086] a.out, AF5F7000
[   51.911438] a.out, B0487000
[   51.911858] a.out, B0323000
[   51.912191] a.out, B0372000
[   51.912527] a.out, AFE65000
[   51.913603] a.out, B04F1000
[   51.913935] a.out, B03FE000
[   51.914250] a.out, B005B000
[   51.914675] a.out, AFEFC000
[   51.915089] a.out, AFF96000
[   51.915572] a.out, AFA57000
[   51.915917] a.out, AFE9F000
[   51.916253] a.out, AFB07000
[   51.916590] a.out, AF99C000
[   51.916920] a.out, B0250000
[   51.917234] a.out, AF775000
[   51.917556] a.out, AF5C4000
[   51.917886] a.out, AFA64000
[   51.918190] a.out, B0092000
[   51.918611] a.out, AF56F000
[   51.919263] a.out, B04AE000
[   51.919628] a.out, B0477000
[   51.922385] a.out, B0337000
[   51.922799] a.out, AFB7A000
[   51.923618] a.out, AF763000
[   51.925309] a.out, AF9A0000
[   51.927182] a.out, B054B000
[   51.927623] a.out, AFCC3000
[   51.928223] a.out, AFC81000
[   51.929318] a.out, AFD73000
[   51.929649] a.out, B0224000
[   51.930525] a.out, AF9EB000
[   51.931328] a.out, AF6B0000
[   51.931742] a.out, AF86E000
[   51.932114] a.out, B01A8000
[   51.932528] a.out, B03F4000
[   51.932894] a.out, B03DA000
[   51.933246] a.out, B0100000
[   51.933588] a.out, AF66A000
[   51.933928] a.out, B010F000
[   51.934211] a.out, AF865000
[   51.934546] a.out, AFD6D000
[   51.935081] a.out, AF948000
[   51.935409] a.out, AFF6A000
[   51.935766] a.out, AF7C9000
[   51.936113] a.out, AFB3C000
[   51.936539] a.out, AFD57000
[   51.936873] a.out, AFB18000
[   51.937202] a.out, AF7F8000
[   51.937533] a.out, AFE35000
[   51.937868] a.out, B018B000
[   51.938249] a.out, AFC21000
[   51.938599] a.out, B0376000
[   51.938934] a.out, B02A4000
[   51.939253] a.out, AFFBD000
[   51.939841] a.out, AFAA9000
[   51.940303] a.out, AFA5A000
[   51.940815] a.out, AFF28000
[   51.941243] a.out, AFFBA000
[   51.941794] a.out, B02A2000
[   51.942203] a.out, AFE92000
[   51.942750] a.out, AFFFA000
[   51.943089] a.out, AFF22000
[   51.943418] a.out, AF93F000
[   51.943770] a.out, B039E000
[   51.944214] a.out, AFD09000
[   51.944584] a.out, AFB02000
[   51.945395] a.out, AF5C6000
[   51.945915] a.out, AFAB2000
[   51.946257] a.out, B025A000
[   51.946604] a.out, AF6AB000
[   51.946981] a.out, B0538000
[   51.947309] a.out, B0357000
[   51.947645] a.out, AF86F000
[   51.947968] a.out, AFCC6000
[   51.948305] a.out, AFA91000
[   51.948644] a.out, AFEE2000
[   51.948983] a.out, AF853000
[   51.949308] a.out, AFF2A000
[   51.949733] a.out, B0485000
[   51.950212] a.out, AF946000
[   51.953164] a.out, AF61C000
[   51.953673] a.out, B00E6000
[   51.954214] a.out, AF6E7000
[   51.954797] a.out, AF5F6000
[   51.955779] a.out, AFA82000
[   51.957208] a.out, B0558000
[   51.958625] a.out, AF893000
[   51.959222] a.out, AF6C7000
[   51.960002] a.out, AFC41000
[   51.960352] a.out, B01FB000
[   51.960937] a.out, B0060000
[   51.961251] a.out, AFDE5000
[   51.961572] a.out, AFF07000
[   51.961901] a.out, AFD52000
[   51.962817] a.out, AF93A000
[   51.963203] a.out, B0203000
[   51.963567] a.out, B051C000
[   51.964168] a.out, AF59E000
[   51.964535] a.out, AFEDF000
[   51.964870] a.out, AFB82000
[   51.965180] a.out, AFA10000
[   51.965513] a.out, AF6C4000
[   51.965838] a.out, AFE9A000
[   51.966207] a.out, B029C000
[   51.966710] a.out, AFB08000
[   51.967262] a.out, AFDB0000
[   51.968184] a.out, AF729000
[   51.968529] a.out, B0356000
[   51.969637] a.out, B0086000
[   51.970208] a.out, AF99B000
[   51.970551] a.out, AFD15000
[   51.971202] a.out, B04F2000
[   51.971606] a.out, B02F6000
[   51.972556] a.out, AFF2B000
[   51.972900] a.out, AFF29000
[   51.973229] a.out, B0498000
[   51.973575] a.out, B012C000
[   51.973889] a.out, AFEB0000
[   51.974209] a.out, B00C7000
[   51.974711] a.out, AF77D000
[   51.975032] a.out, AF804000
[   51.975342] a.out, AFEFB000
[   51.975588] a.out, B0559000
[   51.975906] a.out, AFD0C000
[   51.976262] a.out, AFBC1000
[   51.976589] a.out, AFC7F000
[   51.976942] a.out, AF5D5000
[   51.977314] a.out, AFB39000
[   51.977663] a.out, B0414000
[   51.978247] a.out, AFA6B000
[   51.978752] a.out, AF583000
[   51.979127] a.out, B027D000
[   51.979526] a.out, B0141000
[   51.979860] a.out, B0184000
[   51.980170] a.out, B03D4000
[   51.980524] a.out, B03CC000
[   51.980785] a.out, AF66B000
[   51.981094] a.out, B006F000
[   51.981427] a.out, AFF73000
[   51.981730] a.out, AF695000
[   51.983548] a.out, AFC46000
[   51.984304] a.out, AF639000
[   51.985294] a.out, AFDC8000
[   51.986291] a.out, AFD9C000
[   51.987041] a.out, AF69C000
[   51.988066] a.out, B040B000
[   51.988938] a.out, 804B000
[   51.988945] a.out, AFDCA000
[   51.989667] a.out, B040F000
[   51.990130] a.out, AF66D000
[   51.990614] a.out, AFD06000
[   51.991001] a.out, AFBF5000
[   51.991662] a.out, B0528000
[   51.992050] a.out, AF628000
[   51.992461] a.out, AFCB2000
[   51.992962] a.out, B01BA000
[   51.993349] a.out, B00F1000
[   51.993687] a.out, AF5E0000
[   51.994096] a.out, B031C000
[   51.994571] a.out, AF71C000
[   51.994940] a.out, AF871000
[   51.995284] a.out, B004E000
[   51.995647] a.out, AFC47000
[   51.996050] a.out, B04FE000
[   51.996464] a.out, AFFE5000
[   51.996970] a.out, AF81B000
[   51.997307] a.out, B001C000
[   51.997646] a.out, B0099000
[   51.998034] a.out, AFCA1000
[   51.998546] a.out, B0562000
[   51.999158] a.out, B0563000
[   51.999486] a.out, B0564000
[   51.999958] a.out, B0565000
[   52.000289] a.out, B0566000
[   52.000648] a.out, B0567000
[   52.000970] a.out, B0568000
[   52.001285] a.out, B0569000
[   52.001546] a.out, B056A000
[   52.001810] a.out, B056B000
[   52.002237] a.out, B056C000
[   52.002664] a.out, B056D000
[   52.003019] a.out, B056E000
[   52.003298] a.out, B056F000
[   52.003594] a.out, B0570000
[   52.003908] a.out, B0571000
[   52.004171] a.out, B0572000
[   52.004518] a.out, B0573000
[   52.004855] a.out, B0574000
[   52.005118] a.out, B0575000
[   52.005385] a.out, B0576000
[   52.006385] a.out, B0577000
[   52.006772] a.out, B0578000
[   52.006967] a.out, B0579000
[   52.007209] a.out, B057A000
[   52.007492] a.out, B057B000
[   52.007797] a.out, B057C000
[   52.008070] a.out, B057D000
[   52.008340] a.out, B057E000
[   52.008610] a.out, B057F000
[   52.008862] a.out, B0580000
[   52.009111] a.out, B0581000
[   52.009374] a.out, B0582000
[   52.009631] a.out, B0583000
[   52.009878] a.out, B0584000
[   52.010434] a.out, B0585000
[   52.010708] a.out, B0586000
[   52.011557] a.out, B0587000
[   52.011892] a.out, B0588000
[   52.012234] a.out, B0589000
[   52.013478] a.out, B058A000
[   52.014034] a.out, B058B000
[   52.016799] a.out, B058C000
[   52.017424] a.out, B058D000
[   52.018196] a.out, B058E000
[   52.019471] a.out, B058F000
[   52.019909] a.out, B0590000
[   52.020439] a.out, B0591000
[   52.021218] a.out, B0592000
[   52.021743] a.out, B0593000
[   52.022178] a.out, B0594000
[   52.022602] a.out, B0595000
[   52.023372] a.out, B0596000
[   52.023639] a.out, B0597000
[   52.023892] a.out, B0598000
[   52.024156] a.out, B0599000
[   52.024412] a.out, B059A000
[   52.024661] a.out, B059B000
[   52.024934] a.out, B059C000
[   52.025303] a.out, B059D000
[   52.025553] a.out, B059E000
[   52.025929] a.out, B059F000
[   52.026341] a.out, B05A0000
[   52.026604] a.out, B05A1000
[   52.026864] a.out, B05A2000
[   52.027102] a.out, B05A3000
[   52.027369] a.out, B05A4000
[   52.027629] a.out, B05A5000
[   52.027989] a.out, B05A6000
[   52.028267] a.out, B05A7000
[   52.028532] a.out, B05A8000
[   52.028803] a.out, B05A9000
[   52.029069] a.out, B05AA000
[   52.029333] a.out, B05AB000
[   52.029612] a.out, B05AC000
[   52.030055] a.out, B05AD000
[   52.030435] a.out, B05AE000
[   52.030698] a.out, B05AF000
[   52.031005] a.out, B05B0000
[   52.031342] a.out, B05B1000
[   52.031631] a.out, B05B2000
[   52.032162] a.out, B05B3000
[   52.032487] a.out, B05B4000
[   52.032737] a.out, B05B5000
[   52.032997] a.out, B05B6000
[   52.034138] a.out, B05B7000
[   52.034713] a.out, B05B8000
[   52.035014] a.out, B05B9000
[   52.035284] a.out, B05BA000
[   52.035556] a.out, B05BB000
[   52.035849] a.out, B05BC000
[   52.036128] a.out, B05BD000
[   52.036400] a.out, B05BE000
[   52.036690] a.out, B05BF000
[   52.036963] a.out, B05C0000
[   52.037237] a.out, B05C1000
[   52.037516] a.out, B05C2000
[   52.037817] a.out, B05C3000
[   52.038189] a.out, B05C4000
[   52.039514] a.out, B05C5000
[   52.040556] a.out, B05C6000
[   52.040837] a.out, B05C7000
[   52.041099] a.out, B05C8000
[   52.041379] a.out, B05C9000
[   52.041702] a.out, B05CA000
[   52.042017] a.out, B05CB000
[   52.042525] a.out, B05CC000
[   52.042805] a.out, B05CD000
[   52.043073] a.out, B05CE000
[   52.043417] a.out, B05CF000
[   52.043788] a.out, B05D0000
[   52.044252] a.out, B05D1000
[   52.044529] a.out, B05D2000
[   52.044999] a.out, B05D3000
[   52.045436] a.out, B05D4000
[   52.045757] a.out, B05D5000
[   52.046058] a.out, B05D6000
[   52.046634] a.out, B05D7000
[   52.047471] a.out, B05D8000
[   52.047896] a.out, B05D9000
[   52.049126] a.out, B05DA000
[   52.050274] a.out, B05DB000
[   52.050575] a.out, B05DC000
[   52.050852] a.out, B05DD000
[   52.051190] a.out, B05DE000
[   52.051558] a.out, B05DF000
[   52.051822] a.out, B05E0000
[   52.052086] a.out, B05E1000
[   52.052359] a.out, B05E2000
[   52.052630] a.out, B05E3000
[   52.053035] a.out, B05E4000
[   52.053304] a.out, B05E5000
[   52.053634] a.out, B05E6000
[   52.053952] a.out, B05E7000
[   52.054606] a.out, B05E8000
[   52.055066] a.out, B05E9000
[   52.055326] a.out, B05EA000
[   52.055651] a.out, B05EB000
[   52.056097] a.out, B05EC000
[   52.057049] a.out, B05ED000
[   52.057328] a.out, B05EE000
[   52.057571] a.out, B05EF000
[   52.058760] a.out, B05F0000
[   52.059627] a.out, B05F1000
[   52.060654] a.out, B05F2000
[   52.061040] a.out, B05F3000
[   52.061389] a.out, B05F4000
[   52.062245] a.out, B05F5000
[   52.062569] a.out, B05F6000
[   52.063054] a.out, B05F7000
[   52.063607] a.out, B05F8000
[   52.063863] a.out, B05F9000
[   52.064116] a.out, B05FA000
[   52.064547] a.out, B05FB000
[   52.065574] a.out, B05FC000
[   52.065985] a.out, B05FD000
[   52.066250] a.out, B05FE000
[   52.066529] a.out, B05FF000
[   52.066807] a.out, B0600000
[   52.067073] a.out, B0601000
[   52.067411] a.out, B0602000
[   52.067680] a.out, B0603000
[   52.067945] a.out, B0604000
[   52.068277] a.out, B0605000
[   52.068548] a.out, B0606000
[   52.068818] a.out, B0607000
[   52.069055] a.out, B0608000
[   52.069327] a.out, B0609000
[   52.070082] a.out, B060A000
[   52.070417] a.out, B060B000
[   52.071035] a.out, B060C000
[   52.071404] a.out, B060D000
[   52.071836] a.out, B060E000
[   52.072100] a.out, B060F000
[   52.072365] a.out, B0610000
[   52.072617] a.out, B0611000
[   52.072864] a.out, B0612000
[   52.073121] a.out, B0613000
[   52.075649] a.out, B0614000
[   52.076331] a.out, B0615000
[   52.076897] a.out, B0616000
[   52.077693] a.out, B0617000
[   52.078186] a.out, B0618000
[   52.079666] a.out, B0619000
[   52.080247] a.out, B061A000
[   52.080627] a.out, B061B000
[   52.080913] a.out, B061C000
[   52.081173] a.out, B061D000
[   52.081420] a.out, B061E000
[   52.081731] a.out, B061F000
[   52.082099] a.out, B0620000
[   52.082520] a.out, B0621000
[   52.082782] a.out, B0622000
[   52.083013] a.out, B0623000
[   52.083262] a.out, B0624000
[   52.083431] a.out, B0625000
[   52.083762] a.out, B0626000
[   52.084022] a.out, B0627000
[   52.084274] a.out, B0628000
[   52.084580] a.out, B0629000
[   52.084849] a.out, B062A000
[   52.085953] a.out, B062B000
[   52.086222] a.out, B062C000
[   52.086472] a.out, B062D000
[   52.086816] a.out, B062E000
[   52.087087] a.out, B062F000
[   52.087420] a.out, B0630000
[   52.087725] a.out, B0631000
[   52.087991] a.out, B0632000
[   52.088322] a.out, B0633000
[   52.088650] a.out, B0634000
[   52.088917] a.out, B0635000
[   52.089187] a.out, B0636000
[   52.089474] a.out, B0637000
[   52.089799] a.out, B0638000
[   52.090192] a.out, B0639000
[   52.090467] a.out, B063A000
[   52.091036] a.out, B063B000
[   52.091299] a.out, B063C000
[   52.092573] a.out, B063D000
[   52.092834] a.out, B063E000
[   52.093107] a.out, B063F000
[   52.093390] a.out, B0640000
[   52.093665] a.out, B0641000
[   52.094013] a.out, B0642000
[   52.094311] a.out, B0643000
[   52.095101] a.out, B0644000
[   52.095507] a.out, B0645000
[   52.095947] a.out, B0646000
[   52.096210] a.out, B0647000
[   52.096604] a.out, B0648000
[   52.096961] a.out, B0649000
[   52.097573] a.out, B064A000
[   52.098023] a.out, B064B000
[   52.098289] a.out, B064C000
[   52.099478] a.out, B064D000
[   52.099738] a.out, B064E000
[   52.100000] a.out, B064F000
[   52.100294] a.out, B0650000
[   52.100570] a.out, B0651000
[   52.100838] a.out, B0652000
[   52.101106] a.out, B0653000
[   52.101368] a.out, B0654000
[   52.101634] a.out, B0655000
[   52.102148] a.out, B0656000
[   52.102436] a.out, B0657000
[   52.102702] a.out, B0658000
[   52.102954] a.out, B0659000
[   52.103215] a.out, B065A000
[   52.103478] a.out, B065B000
[   52.103738] a.out, B065C000
[   52.103990] a.out, B065D000
[   52.105913] a.out, B065E000
[   52.106576] a.out, B065F000
[   52.107178] a.out, B0660000
[   52.107554] a.out, B0661000
[   52.108429] a.out, B0662000
[   52.109495] a.out, B0663000
[   52.110654] a.out, B0664000
[   52.111031] a.out, B0665000
[   52.111408] a.out, B0666000
[   52.111684] a.out, B0667000
[   52.111969] a.out, B0668000
[   52.112354] a.out, B0669000
[   52.113027] a.out, B066A000
[   52.113935] a.out, B066B000
[   52.114322] a.out, B066C000
[   52.114595] a.out, B066D000
[   52.115807] a.out, B066E000
[   52.116873] a.out, B066F000
[   52.117146] a.out, B0670000
[   52.117467] a.out, B0671000
[   52.117931] a.out, B0672000
[   52.118271] a.out, B0673000
[   52.118621] a.out, B0674000
[   52.118894] a.out, B0675000
[   52.119165] a.out, B0676000
[   52.119448] a.out, B0677000
[   52.119782] a.out, B0678000
[   52.120053] a.out, B0679000
[   52.120318] a.out, B067A000
[   52.120608] a.out, B067B000
[   52.120874] a.out, B067C000
[   52.121142] a.out, B067D000
[   52.121415] a.out, B067E000
[   52.121724] a.out, B067F000
[   52.121990] a.out, B0680000
[   52.122253] a.out, B0681000
[   52.122558] a.out, B0682000
[   52.122822] a.out, B0683000
[   52.123088] a.out, B0684000
[   52.123452] a.out, B0685000
[   52.123718] a.out, B0686000
[   52.123984] a.out, B0687000
[   52.124251] a.out, B0688000
[   52.124522] a.out, B0689000
[   52.124848] a.out, B068A000
[   52.125116] a.out, B068B000
[   52.125391] a.out, B068C000
[   52.125958] a.out, B068D000
[   52.126453] a.out, B068E000
[   52.126734] a.out, B068F000
[   52.127017] a.out, B0690000
[   52.127457] a.out, B0691000
[   52.128533] a.out, B0692000
[   52.128808] a.out, B0693000
[   52.129111] a.out, B0694000
[   52.129437] a.out, B0695000
[   52.129952] a.out, B0696000
[   52.130262] a.out, B0697000
[   52.130544] a.out, B0698000
[   52.130979] a.out, B0699000
[   52.131443] a.out, B069A000
[   52.131848] a.out, B069B000
[   52.132178] a.out, B069C000
[   52.132719] a.out, B069D000
[   52.133026] a.out, B069E000
[   52.133436] a.out, B069F000
[   52.133692] a.out, B06A0000
[   52.135773] a.out, B06A1000
[   52.136340] a.out, B06A2000
[   52.137051] a.out, B06A3000
[   52.137550] a.out, B06A4000
[   52.138100] a.out, B06A5000
[   52.138620] a.out, B06A6000
[   52.139164] a.out, B06A7000
[   52.139647] a.out, B06A8000
[   52.140093] a.out, B06A9000
[   52.140626] a.out, B06AA000
[   52.141002] a.out, B06AB000
[   52.142057] a.out, B06AC000
[   52.142513] a.out, B06AD000
[   52.143065] a.out, B06AE000
[   52.143397] a.out, B06AF000
[   52.144196] a.out, B06B0000
[   52.145082] a.out, B06B1000
[   52.145360] a.out, B06B2000
[   52.145707] a.out, B06B3000
[   52.146063] a.out, B06B4000
[   52.146469] a.out, B06B5000
[   52.146922] a.out, B06B6000
[   52.147460] a.out, B06B7000
[   52.148384] a.out, B06B8000
[   52.149045] a.out, B06B9000
[   52.150431] a.out, B06BA000
[   52.150978] a.out, B06BB000
[   52.151303] a.out, B06BC000
[   52.151599] a.out, B06BD000
[   52.151876] a.out, B06BE000
[   52.152147] a.out, B06BF000
[   52.152416] a.out, B06C0000
[   52.152698] a.out, B06C1000
[   52.152973] a.out, B06C2000
[   52.153259] a.out, B06C3000
[   52.153578] a.out, B06C4000
[   52.153997] a.out, B06C5000
[   52.154271] a.out, B06C6000
[   52.154532] a.out, B06C7000
[   52.154978] a.out, B06C8000
[   52.155489] a.out, B06C9000
[   52.155827] a.out, B06CA000
[   52.156098] a.out, B06CB000
[   52.156360] a.out, B06CC000
[   52.156633] a.out, B06CD000
[   52.156897] a.out, B06CE000
[   52.157164] a.out, B06CF000
[   52.157427] a.out, B06D0000
[   52.157723] a.out, B06D1000
[   52.158022] a.out, B06D2000
[   52.158278] a.out, B06D3000
[   52.158564] a.out, B06D4000
[   52.158824] a.out, B06D5000
[   52.159092] a.out, B06D6000
[   52.159383] a.out, B06D7000
[   52.159657] a.out, B06D8000
[   52.159946] a.out, B06D9000
[   52.160201] a.out, B06DA000
[   52.160587] a.out, B06DB000
[   52.161611] a.out, B06DC000
[   52.162009] a.out, B06DD000
[   52.162373] a.out, B06DE000
[   52.162697] a.out, B06DF000
[   52.162949] a.out, B06E0000
[   52.163196] a.out, B06E1000
[   52.163481] a.out, B06E2000
[   52.163901] a.out, B06E3000
[   52.164362] a.out, B06E4000
[   52.166568] a.out, B06E5000
[   52.167061] a.out, B06E6000
[   52.168270] a.out, B06E7000
[   52.169934] a.out, B06E8000
[   52.170423] a.out, B06E9000
[   52.170947] a.out, B06EA000
[   52.171555] a.out, B06EB000
[   52.173230] a.out, B06EC000
[   52.173994] a.out, B06ED000
[   52.174809] a.out, B06EE000
[   52.175317] a.out, B06EF000
[   52.175610] a.out, B06F0000
[   52.175952] a.out, B06F1000
[   52.176230] a.out, B06F2000
[   52.176609] a.out, B06F3000
[   52.177638] a.out, B06F4000
[   52.178058] a.out, B06F5000
[   52.178323] a.out, B06F6000
[   52.178630] a.out, B06F7000
[   52.179068] a.out, B06F8000
[   52.179358] a.out, B06F9000
[   52.180019] a.out, B06FA000
[   52.180990] a.out, B06FB000
[   52.181250] a.out, B06FC000
[   52.181499] a.out, B06FD000
[   52.182015] a.out, B06FE000
[   52.182298] a.out, B06FF000
[   52.182545] a.out, B0700000
[   52.182874] a.out, B0701000
[   52.183435] a.out, B0702000
[   52.184025] a.out, B0703000
[   52.184999] a.out, B0704000
[   52.185315] a.out, B0705000
[   52.185567] a.out, B0706000
[   52.185921] a.out, B0707000
[   52.186927] a.out, B0708000
[   52.187407] a.out, B0709000
[   52.187940] a.out, B070A000
[   52.188197] a.out, B070B000
[   52.188450] a.out, B070C000
[   52.188737] a.out, B070D000
[   52.188982] a.out, B070E000
[   52.189250] a.out, B070F000
[   52.189526] a.out, B0710000
[   52.189913] a.out, B0711000
[   52.190182] a.out, B0712000
[   52.190448] a.out, B0713000
[   52.190725] a.out, B0714000
[   52.190989] a.out, B0715000
[   52.191305] a.out, B0716000
[   52.191591] a.out, B0717000
[   52.191850] a.out, B0718000
[   52.192100] a.out, B0719000
[   52.192365] a.out, B071A000
[   52.192744] a.out, B071B000
[   52.194323] a.out, B071C000
[   52.194660] a.out, B071D000
[   52.194945] a.out, B071E000
[   52.195362] a.out, B071F000
[   52.195656] a.out, B0720000
[   52.195915] a.out, B0721000
[   52.197600] a.out, B0722000
[   52.198458] a.out, B0723000
[   52.199003] a.out, B0724000
[   52.199537] a.out, B0725000
[   52.200137] a.out, B0726000
[   52.200719] a.out, B0727000
[   52.201588] a.out, B0728000
[   52.202877] a.out, B0729000
[   52.203602] a.out, B072A000
[   52.203867] a.out, B072B000
[   52.204119] a.out, B072C000
[   52.204363] a.out, B072D000
[   52.204624] a.out, B072E000
[   52.204889] a.out, B072F000
[   52.205164] a.out, B0730000
[   52.205483] a.out, B0731000
[   52.205835] a.out, B0732000
[   52.206178] a.out, B0733000
[   52.206609] a.out, B0734000
[   52.206887] a.out, B0735000
[   52.208175] a.out, B0736000
[   52.208454] a.out, B0737000
[   52.208786] a.out, B0738000
[   52.209028] a.out, B0739000
[   52.210394] a.out, B073A000
[   52.210722] a.out, B073B000
[   52.211396] a.out, B073C000
[   52.211667] a.out, B073D000
[   52.211944] a.out, B073E000
[   52.212599] a.out, B073F000
[   52.213422] a.out, B0740000
[   52.213810] a.out, B0741000
[   52.214075] a.out, B0742000
[   52.214460] a.out, B0743000
[   52.214737] a.out, B0744000
[   52.215062] a.out, B0745000
[   52.216859] a.out, B0746000
[   52.217632] a.out, B0747000
[   52.217939] a.out, B0748000
[   52.218250] a.out, B0749000
[   52.218599] a.out, B074A000
[   52.218857] a.out, B074B000
[   52.219134] a.out, B074C000
[   52.219429] a.out, B074D000
[   52.219792] a.out, B074E000
[   52.220064] a.out, B074F000
[   52.220344] a.out, B0750000
[   52.220607] a.out, B0751000
[   52.220858] a.out, B0752000
[   52.221109] a.out, B0753000
[   52.221351] a.out, B0754000
[   52.221616] a.out, B0755000
[   52.221899] a.out, B0756000
[   52.222190] a.out, B0757000
[   52.222469] a.out, B0758000
[   52.222742] a.out, B0759000
[   52.223010] a.out, B075A000
[   52.223892] a.out, B075B000
[   52.224174] a.out, B075C000
[   52.225390] a.out, B075D000
[   52.225648] a.out, B075E000
[   52.226160] a.out, B075F000
[   52.226549] a.out, B0760000
[   52.226856] a.out, B0761000
[   52.228660] a.out, B0762000
[   52.230277] a.out, B0763000
[   52.230839] a.out, B0764000
[   52.231319] a.out, B0765000
[   52.232114] a.out, B0766000
[   52.232719] a.out, B0767000
[   52.233225] a.out, B0768000
[   52.233601] a.out, B0769000
[   52.233999] a.out, B076A000
[   52.234384] a.out, B076B000
[   52.234826] a.out, B076C000
[   52.235065] a.out, B076D000
[   52.235334] a.out, B076E000
[   52.235599] a.out, B076F000
[   52.235992] a.out, B0770000
[   52.236317] a.out, B0771000
[   52.236585] a.out, B0772000
[   52.236942] a.out, B0773000
[   52.237296] a.out, B0774000
[   52.237570] a.out, B0775000
[   52.237965] a.out, B0776000
[   52.238352] a.out, B0777000
[   52.238773] a.out, B0778000
[   52.239023] a.out, B0779000
[   52.239282] a.out, B077A000
[   52.239561] a.out, B077B000
[   52.239964] a.out, B077C000
[   52.240210] a.out, B077D000
[   52.241023] a.out, B077E000
[   52.241288] a.out, B077F000
[   52.241550] a.out, B0780000
[   52.241948] a.out, B0781000
[   52.242239] a.out, B0782000
[   52.242502] a.out, B0783000
[   52.242761] a.out, B0784000
[   52.243086] a.out, B0785000
[   52.243343] a.out, B0786000
[   52.243636] a.out, B0787000
[   52.244166] a.out, B0788000
[   52.244498] a.out, B0789000
[   52.244910] a.out, B078A000
[   52.245184] a.out, B078B000
[   52.245452] a.out, B078C000
[   52.245968] a.out, B078D000
[   52.246371] a.out, B078E000
[   52.246756] a.out, B078F000
[   52.247876] a.out, B0790000
[   52.248156] a.out, B0791000
[   52.248416] a.out, B0792000
[   52.248695] a.out, B0793000
[   52.248961] a.out, B0794000
[   52.249225] a.out, B0795000
[   52.249486] a.out, B0796000
[   52.249892] a.out, B0797000
[   52.250166] a.out, B0798000
[   52.250432] a.out, B0799000
[   52.250763] a.out, B079A000
[   52.251028] a.out, B079B000
[   52.251289] a.out, B079C000
[   52.251573] a.out, B079D000
[   52.251874] a.out, B079E000
[   52.252809] a.out, B079F000
[   52.253839] a.out, B07A0000
[   52.254104] a.out, B07A1000
[   52.254369] a.out, B07A2000
[   52.254709] a.out, B07A3000
[   52.254985] a.out, B07A4000
[   52.255301] a.out, B07A5000
[   52.255638] a.out, B07A6000
[   52.255894] a.out, B07A7000
[   52.256141] a.out, B07A8000
[   52.256400] a.out, B07A9000
[   52.256652] a.out, B07AA000
[   52.256903] a.out, B07AB000
[   52.257150] a.out, B07AC000
[   52.257524] a.out, B07AD000
[   52.259436] a.out, B07AE000
[   52.259885] a.out, B07AF000
[   52.260878] a.out, B07B0000
[   52.262049] a.out, B07B1000
[   52.262595] a.out, B07B2000
[   52.264539] a.out, B07B3000
[   52.265485] a.out, B07B4000
[   52.265858] a.out, B07B5000
[   52.266141] a.out, B07B6000
[   52.266437] a.out, B07B7000
[   52.266792] a.out, B07B8000
[   52.267119] a.out, B07B9000
[   52.267376] a.out, B07BA000
[   52.267638] a.out, B07BB000
[   52.267900] a.out, B07BC000
[   52.268286] a.out, B07BD000
[   52.269398] a.out, B07BE000
[   52.269883] a.out, B07BF000
[   52.270332] a.out, B07C0000
[   52.270826] a.out, B07C1000
[   52.272165] a.out, B07C2000
[   52.272423] a.out, B07C3000
[   52.273236] a.out, B07C4000
[   52.273573] a.out, B07C5000
[   52.273859] a.out, B07C6000
[   52.274200] a.out, B07C7000
[   52.274840] a.out, B07C8000
[   52.275221] a.out, B07C9000
[   52.275552] a.out, B07CA000
[   52.276112] a.out, B07CB000
[   52.276368] a.out, B07CC000
[   52.277884] a.out, B07CD000
[   52.278341] a.out, B07CE000
[   52.278937] a.out, B07CF000
[   52.280154] a.out, B07D0000
[   52.281110] a.out, B07D1000
[   52.281454] a.out, B07D2000
[   52.281917] a.out, B07D3000
[   52.282317] a.out, B07D4000
[   52.282814] a.out, B07D5000
[   52.283324] a.out, B07D6000
[   52.283913] a.out, B07D7000
[   52.284893] a.out, B07D8000
[   52.285907] a.out, B07D9000
[   52.286338] a.out, B07DA000
[   52.286793] a.out, B07DB000
[   52.287313] a.out, B07DC000
[   52.287769] a.out, B07DD000
[   52.289312] a.out, B07DE000
[   52.289926] a.out, B07DF000
[   52.290363] a.out, B07E0000
[   52.290807] a.out, B07E1000
[   52.291437] a.out, B07E2000
[   52.292630] a.out, B07E3000
[   52.293308] a.out, B07E4000
[   52.294175] a.out, B07E5000
[   52.294850] a.out, B07E6000
[   52.295316] a.out, B07E7000
[   52.295597] a.out, B07E8000
[   52.295861] a.out, B07E9000
[   52.296129] a.out, B07EA000
[   52.296416] a.out, B07EB000
[   52.296660] a.out, B07EC000
[   52.296989] a.out, B07ED000
[   52.297382] a.out, B07EE000
[   52.297763] a.out, B07EF000
[   52.298013] a.out, B07F0000
[   52.298356] a.out, B07F1000
[   52.298653] a.out, B07F2000
[   52.299406] a.out, B07F3000
[   52.299881] a.out, B07F4000
[   52.300297] a.out, B07F5000
[   52.300669] a.out, B07F6000
[   52.300949] a.out, B07F7000
[   52.301292] a.out, B07F8000
[   52.301571] a.out, B07F9000
[   52.301987] a.out, B07FA000
[   52.302261] a.out, B07FB000
[   52.302500] a.out, B07FC000
[   52.302745] a.out, B07FD000
[   52.303027] a.out, B07FE000
[   52.303309] a.out, B07FF000
[   52.303578] a.out, B0800000
[   52.303837] a.out, B0801000
[   52.304141] a.out, B0802000
[   52.304408] a.out, B0803000
[   52.304661] a.out, B0804000
[   52.304969] a.out, B0805000
[   52.305243] a.out, B0806000
[   52.305491] a.out, B0807000
[   52.305838] a.out, B0808000
[   52.306140] a.out, B0809000
[   52.306448] a.out, B080A000
[   52.306698] a.out, B080B000
[   52.306956] a.out, B080C000
[   52.307214] a.out, B080D000
[   52.308084] a.out, B080E000
[   52.309049] a.out, B080F000
[   52.309309] a.out, B0810000
[   52.309732] a.out, B0811000
[   52.310022] a.out, B0812000
[   52.310978] a.out, B0813000
[   52.311300] a.out, B0814000
[   52.311744] a.out, B0815000
[   52.312311] a.out, B0816000
[   52.312616] a.out, B0817000
[   52.312969] a.out, B0818000
[   52.313226] a.out, B0819000
[   52.313477] a.out, B081A000
[   52.313860] a.out, B081B000
[   52.314128] a.out, B081C000
[   52.314395] a.out, B081D000
[   52.314650] a.out, B081E000
[   52.315351] a.out, B081F000
[   52.315605] a.out, B0820000
[   52.315877] a.out, B0821000
[   52.316131] a.out, B0822000
[   52.316396] a.out, B0823000
[   52.316648] a.out, B0824000
[   52.316912] a.out, B0825000
[   52.317225] a.out, B0826000
[   52.317475] a.out, B0827000
[   52.317935] a.out, B0828000
[   52.318280] a.out, B0829000
[   52.318787] a.out, B082A000
[   52.320803] a.out, B082B000
[   52.321776] a.out, B082C000
[   52.322313] a.out, B082D000
[   52.322762] a.out, B082E000
[   52.323391] a.out, B082F000
[   52.323736] a.out, B0830000
[   52.324394] a.out, B0831000
[   52.325761] a.out, B0832000
[   52.326335] a.out, B0833000
[   52.326675] a.out, B0834000
[   52.327518] a.out, B0835000
[   52.328498] a.out, B0836000
[   52.329438] a.out, B0837000
[   52.329729] a.out, B0838000
[   52.329987] a.out, B0839000
[   52.330685] a.out, B083A000
[   52.330945] a.out, B083B000
[   52.331213] a.out, B083C000
[   52.331464] a.out, B083D000
[   52.331748] a.out, B083E000
[   52.332436] a.out, B083F000
[   52.333014] a.out, B0840000
[   52.333283] a.out, B0841000
[   52.334648] a.out, B0842000
[   52.335028] a.out, B0843000
[   52.335320] a.out, B0844000
[   52.335685] a.out, B0845000
[   52.335978] a.out, B0846000
[   52.336270] a.out, B0847000
[   52.336613] a.out, B0848000
[   52.337019] a.out, B0849000
[   52.337512] a.out, B084A000
[   52.337811] a.out, B084B000
[   52.338310] a.out, B084C000
[   52.338746] a.out, B084D000
[   52.340110] a.out, B084E000
[   52.340466] a.out, B084F000
[   52.340876] a.out, B0850000
[   52.341252] a.out, B0851000
[   52.341669] a.out, B0852000
[   52.342095] a.out, B0853000
[   52.342425] a.out, B0854000
[   52.342774] a.out, B0855000
[   52.343128] a.out, B0856000
[   52.343531] a.out, B0857000
[   52.343821] a.out, B0858000
[   52.344125] a.out, B0859000
[   52.344446] a.out, B085A000
[   52.345027] a.out, B085B000
[   52.345354] a.out, B085C000
[   52.345682] a.out, B085D000
[   52.346290] a.out, B085E000
[   52.347361] a.out, B085F000
[   52.347751] a.out, B0860000
[   52.348093] a.out, B0861000
[   52.348434] a.out, B0862000
[   52.348723] a.out, B0863000
[   52.349076] a.out, B0864000
[   52.349349] a.out, B0865000
[   52.349803] a.out, B0866000
[   52.351290] a.out, B0867000
[   52.352140] a.out, B0868000
[   52.352813] a.out, B0869000
[   52.353255] a.out, B086A000
[   52.353842] a.out, B086B000
[   52.354262] a.out, B086C000
[   52.355245] a.out, B086D000
[   52.357414] a.out, B086E000
[   52.358193] a.out, B086F000
[   52.358750] a.out, B0870000
[   52.359111] a.out, B0871000
[   52.359403] a.out, B0872000
[   52.359686] a.out, B0873000
[   52.360517] a.out, B0874000
[   52.361062] a.out, B0875000
[   52.361395] a.out, B0876000
[   52.361729] a.out, B0877000
[   52.362522] a.out, B0878000
[   52.363124] a.out, B0879000
[   52.363965] a.out, B087A000
[   52.365050] a.out, B087B000
[   52.365339] a.out, B087C000
[   52.365631] a.out, B087D000
[   52.366073] a.out, B087E000
[   52.366360] a.out, B087F000
[   52.366641] a.out, B0880000
[   52.366931] a.out, B0881000
[   52.367317] a.out, B0882000
[   52.368022] a.out, B0883000
[   52.368317] a.out, B0884000
[   52.369110] a.out, B0885000
[   52.369400] a.out, B0886000
[   52.369700] a.out, B0887000
[   52.370111] a.out, B0888000
[   52.370949] a.out, B0889000
[   52.371978] a.out, B088A000
[   52.373777] a.out, B088B000
[   52.374757] a.out, B088C000
[   52.375986] a.out, B088D000
[   52.376273] a.out, B088E000
[   52.376567] a.out, B088F000
[   52.377936] a.out, B0890000
[   52.378792] a.out, B0891000
[   52.379276] a.out, B0892000
[   52.381489] a.out, B0893000
[   52.382192] a.out, B0894000
[   52.383103] a.out, B0895000
[   52.383603] a.out, B0896000
[   52.384811] a.out, B0897000
[   52.385576] a.out, B0898000
[   52.386284] a.out, B0899000
[   52.387351] a.out, B089A000
[   52.387768] a.out, B089B000
[   52.388066] a.out, B089C000
[   52.388394] a.out, B089D000
[   52.389663] a.out, B089E000
[   52.390064] a.out, B089F000
[   52.390610] a.out, B08A0000
[   52.391230] a.out, B08A1000
[   52.393769] a.out, B08A2000
[   52.394567] a.out, B08A3000
[   52.395086] a.out, B08A4000
[   52.396190] a.out, B08A5000
[   52.396609] a.out, B08A6000
[   52.396966] a.out, B08A7000
[   52.398227] a.out, B08A8000
[   52.398738] a.out, B08A9000
[   52.399357] a.out, B08AA000
[   52.400472] a.out, B08AB000
[   52.401059] a.out, B08AC000
[   52.401366] a.out, B08AD000
[   52.402237] a.out, B08AE000
[   52.402704] a.out, B08AF000
[   52.403209] a.out, B08B0000
[   52.403570] a.out, B08B1000
[   52.404219] a.out, B08B2000
[   52.404520] a.out, B08B3000
[   52.404866] a.out, B08B4000
[   52.405162] a.out, B08B5000
[   52.405467] a.out, B08B6000
[   52.406204] a.out, B08B7000
[   52.406590] a.out, B08B8000
[   52.407113] a.out, B08B9000
[   52.407802] a.out, B08BA000
[   52.408211] a.out, B08BB000
[   52.408480] a.out, B08BC000
[   52.409130] a.out, B08BD000
[   52.409528] a.out, B08BE000
[   52.410038] a.out, B08BF000
[   52.410353] a.out, B08C0000
[   52.410706] a.out, B08C1000
[   52.412388] a.out, B08C2000
[   52.413087] a.out, B08C3000
[   52.413789] a.out, B08C4000
[   52.414255] a.out, B08C5000
[   52.415239] a.out, B08C6000
[   52.415687] a.out, B08C7000
[   52.416192] a.out, B08C8000
[   52.417683] a.out, B08C9000
[   52.418212] a.out, B08CA000
[   52.418538] a.out, B08CB000
[   52.419034] a.out, B08CC000
[   52.419545] a.out, B08CD000
[   52.420019] a.out, B08CE000
[   52.420376] a.out, B08CF000
[   52.420688] a.out, B08D0000
[   52.420967] a.out, B08D1000
[   52.421264] a.out, B08D2000
[   52.421549] a.out, B08D3000
[   52.421855] a.out, B08D4000
[   52.422233] a.out, B08D5000
[   52.422660] a.out, B08D6000
[   52.422950] a.out, B08D7000
[   52.423258] a.out, B08D8000
[   52.423681] a.out, B08D9000
[   52.424055] a.out, B08DA000
[   52.424338] a.out, B08DB000
[   52.424751] a.out, B08DC000
[   52.426074] a.out, B08DD000
[   52.426661] a.out, B08DE000
[   52.427432] a.out, B08DF000
[   52.427798] a.out, B08E0000
[   52.428112] a.out, B08E1000
[   52.428396] a.out, B08E2000
[   52.429106] a.out, B08E3000
[   52.429685] a.out, B08E4000
[   52.430166] a.out, B08E5000
[   52.430735] a.out, B08E6000
[   52.431183] a.out, B08E7000
[   52.431641] a.out, B08E8000
[   52.432601] a.out, B08E9000
[   52.432896] a.out, B08EA000
[   52.433222] a.out, B08EB000
[   52.433509] a.out, B08EC000
[   52.433928] a.out, B08ED000
[   52.434222] a.out, B08EE000
[   52.434530] a.out, B08EF000
[   52.434903] a.out, B08F0000
[   52.435582] a.out, B08F1000
[   52.435864] a.out, B08F2000
[   52.436445] a.out, B08F3000
[   52.436833] a.out, B08F4000
[   52.437562] a.out, B08F5000
[   52.438223] a.out, B08F6000
[   52.439353] a.out, B08F7000
[   52.441201] a.out, B08F8000
[   52.443126] a.out, B08F9000
[   52.444932] a.out, B08FA000
[   52.445727] a.out, B08FB000
[   52.446585] a.out, B08FC000
[   52.447347] a.out, B08FD000
[   52.447916] a.out, B08FE000
[   52.448355] a.out, B08FF000
[   52.448783] a.out, B0900000
[   52.449641] a.out, B0901000
[   52.450153] a.out, B0902000
[   52.450489] a.out, B0903000
[   52.450806] a.out, B0904000
[   52.451424] a.out, B0905000
[   52.451714] a.out, B0906000
[   52.452022] a.out, B0907000
[   52.452314] a.out, B0908000
[   52.452660] a.out, B0909000
[   52.452971] a.out, B090A000
[   52.453260] a.out, B090B000
[   52.453562] a.out, B090C000
[   52.454003] a.out, B090D000
[   52.454290] a.out, B090E000
[   52.454573] a.out, B090F000
[   52.455018] a.out, B0910000
[   52.455299] a.out, B0911000
[   52.455586] a.out, B0912000
[   52.455867] a.out, B0913000
[   52.456172] a.out, B0914000
[   52.456464] a.out, B0915000
[   52.456874] a.out, B0916000
[   52.457195] a.out, B0917000
[   52.457532] a.out, B0918000
[   52.457925] a.out, B0919000
[   52.458288] a.out, B091A000
[   52.458653] a.out, B091B000
[   52.459005] a.out, B091C000
[   52.459632] a.out, B091D000
[   52.460147] a.out, B091E000
[   52.460513] a.out, B091F000
[   52.460821] a.out, B0920000
[   52.461369] a.out, B0921000
[   52.462738] a.out, B0922000
[   52.463043] a.out, B0923000
[   52.463336] a.out, B0924000
[   52.463628] a.out, B0925000
[   52.463982] a.out, B0926000
[   52.464274] a.out, B0927000
[   52.464583] a.out, B0928000
[   52.464876] a.out, B0929000
[   52.465169] a.out, B092A000
[   52.465544] a.out, B092B000
[   52.465984] a.out, B092C000
[   52.466277] a.out, B092D000
[   52.466563] a.out, B092E000
[   52.467159] a.out, B092F000
[   52.467455] a.out, B0930000
[   52.467823] a.out, B0931000
[   52.468113] a.out, B0932000
[   52.468413] a.out, B0933000
[   52.468772] a.out, B0934000
[   52.469109] a.out, B0935000
[   52.469414] a.out, B0936000
[   52.469706] a.out, B0937000
[   52.470140] a.out, B0938000
[   52.470476] a.out, B0939000
[   52.470768] a.out, B093A000
[   52.471054] a.out, B093B000
[   52.471353] a.out, B093C000
[   52.473565] a.out, B093D000
[   52.474091] a.out, B093E000
[   52.475083] a.out, B093F000
[   52.475594] a.out, B0940000
[   52.477633] a.out, B0941000
[   52.478749] a.out, B0942000
[   52.479559] a.out, B0943000
[   52.480122] a.out, B0944000
[   52.480647] a.out, B0945000
[   52.480999] a.out, B0946000
[   52.481283] a.out, B0947000
[   52.481585] a.out, B0948000
[   52.482037] a.out, 804C000
[   52.482045] a.out, B0949000
[   52.482369] a.out, B094A000
[   52.482689] a.out, B094B000
[   52.482989] a.out, B094C000
[   52.483432] a.out, B094D000
[   52.483741] a.out, B094E000
[   52.484033] a.out, B094F000
[   52.484355] a.out, B0950000
[   52.484659] a.out, B0951000
[   52.484943] a.out, B0952000
[   52.485285] a.out, B0953000
[   52.485634] a.out, B0954000
[   52.486068] a.out, B0955000
[   52.486355] a.out, B0956000
[   52.486980] a.out, B0957000
[   52.487357] a.out, B0958000
[   52.487708] a.out, B0959000
[   52.488220] a.out, B095A000
[   52.488534] a.out, B095B000
[   52.488860] a.out, B095C000
[   52.489153] a.out, B095D000
[   52.489450] a.out, B095E000
[   52.490213] a.out, B095F000
[   52.490507] a.out, B0960000
[   52.490799] a.out, B0961000
[   52.491095] a.out, B39BB000
[   52.491435] a.out, B61EA000
[   52.492134] a.out, B0C69000
[   52.492618] a.out, B1F41000
[   52.493160] a.out, B3719000
[   52.493589] a.out, B0E37000
[   52.494180] a.out, B1D60000
[   52.495170] a.out, B33AA000
[   52.495526] a.out, B32A4000
[   52.495928] a.out, B5B68000
[   52.497153] a.out, B5F9D000
[   52.497596] a.out, B1918000
[   52.498061] a.out, B6299000
[   52.498687] a.out, B669C000
[   52.500118] a.out, B6586000
[   52.500473] a.out, B0DF8000
[   52.500836] a.out, B09AA000
[   52.501198] a.out, B0B33000
[   52.501702] a.out, B2305000
[   52.502158] a.out, B10E4000
[   52.502496] a.out, B66D0000
[   52.502856] a.out, B3459000
[   52.504366] a.out, B0DF5000
[   52.505477] a.out, B568C000
[   52.505959] a.out, B3F32000
[   52.506578] a.out, B1595000
[   52.507194] a.out, B43DB000
[   52.507623] a.out, B42E0000
[   52.508140] a.out, B5B3F000
[   52.508670] a.out, B2B62000
[   52.509395] a.out, B1015000
[   52.510434] a.out, B2FC8000
[   52.511213] a.out, B4EA3000
[   52.511684] a.out, B569C000
[   52.512629] a.out, B7409000
[   52.512988] a.out, B2C54000
[   52.513428] a.out, B6F67000
[   52.514174] a.out, B1CF0000
[   52.514584] a.out, B21E8000
[   52.515142] a.out, B499A000
[   52.515614] a.out, B71CC000
[   52.518312] a.out, B63FC000
[   52.518725] a.out, B1B7A000
[   52.519369] a.out, B1185000
[   52.520631] a.out, B47E5000
[   52.521562] a.out, B5020000
[   52.522120] a.out, B0E4E000
[   52.522512] a.out, B726E000
[   52.522926] a.out, B718F000
[   52.524302] a.out, B21B2000
[   52.525354] a.out, B6B5D000
[   52.525932] a.out, B6767000
[   52.526720] a.out, B67C7000
[   52.527243] a.out, B6B9D000
[   52.528349] a.out, B4C2F000
[   52.528735] a.out, B4BAD000
[   52.529111] a.out, B0DE8000
[   52.529553] a.out, B6D96000
[   52.530154] a.out, B60A8000
[   52.530451] a.out, B6F1A000
[   52.530949] a.out, B6BDE000
[   52.533474] a.out, B1CE8000
[   52.535257] a.out, B6A6C000
[   52.535826] a.out, B1A3E000
[   52.537769] a.out, B4B06000
[   52.541121] a.out, B53C3000
[   52.541757] a.out, B0972000
[   52.542253] a.out, B118A000
[   52.543187] a.out, B5D1E000
[   52.544038] a.out, B2BAB000
[   52.545590] a.out, B2453000
[   52.546101] a.out, B1BF8000
[   52.546832] a.out, B50AE000
[   52.547216] a.out, B236E000
[   52.547701] a.out, B4B75000
[   52.548047] a.out, B3307000
[   52.548433] a.out, B6E8F000
[   52.548771] a.out, B233A000
[   52.549263] a.out, B7230000
[   52.550525] a.out, B5C81000
[   52.550961] a.out, B53C9000
[   52.551513] a.out, B1C5F000
[   52.552043] a.out, B2671000
[   52.553508] a.out, B6E52000
[   52.554021] a.out, B2D52000
[   52.555380] a.out, B47B7000
[   52.555835] a.out, B1B0B000
[   52.556205] a.out, B37AA000
[   52.556550] a.out, B284C000
[   52.556913] a.out, B5200000
[   52.557283] a.out, B610B000
[   52.557626] a.out, B4434000
[   52.558097] a.out, B177B000
[   52.558530] a.out, B74BA000
[   52.559034] a.out, B2EAA000
[   52.559886] a.out, B0F6E000
[   52.560554] a.out, B1381000
[   52.560964] a.out, B3F2D000
[   52.561381] a.out, B1247000
[   52.562174] a.out, B14B6000
[   52.562595] a.out, B1CCD000
[   52.563096] a.out, B26EF000
[   52.564388] a.out, B517A000
[   52.565932] a.out, B12D0000
[   52.566476] a.out, B1AA8000
[   52.567276] a.out, B1B6E000
[   52.569145] a.out, B61A7000
[   52.570138] a.out, B09A0000
[   52.571063] a.out, B5542000
[   52.571615] a.out, B3C12000
[   52.572086] a.out, B0D07000
[   52.572618] a.out, B2D31000
[   52.573851] a.out, B1340000
[   52.574585] a.out, B2602000
[   52.575055] a.out, B272A000
[   52.576745] a.out, B6104000
[   52.578789] a.out, B32C8000
[   52.579963] a.out, B45BC000
[   52.581073] a.out, B1803000
[   52.581589] a.out, B6124000
[   52.581933] a.out, B5608000
[   52.583742] a.out, B4E0F000
[   52.584903] a.out, B6DB8000
[   52.585607] a.out, B0B8D000
[   52.586846] a.out, B38E5000
[   52.587213] a.out, B23E9000
[   52.588512] a.out, B5CAD000
[   52.589594] a.out, B39A3000
[   52.589950] a.out, B5743000
[   52.590344] a.out, B486B000
[   52.590949] a.out, B3182000
[   52.591813] a.out, B2E95000
[   52.592767] a.out, B693A000
[   52.593122] a.out, B15E6000
[   52.593474] a.out, B660D000
[   52.593942] a.out, B1A54000
[   52.596345] a.out, B7093000
[   52.597597] a.out, B1080000
[   52.598088] a.out, B5D8D000
[   52.598779] a.out, B1450000
[   52.599473] a.out, B0A68000
[   52.599967] a.out, B4CDF000
[   52.600478] a.out, B1AD5000
[   52.600999] a.out, B1701000
[   52.601646] a.out, B41AD000
[   52.602304] a.out, B10C0000
[   52.603073] a.out, B0D08000
[   52.603460] a.out, B3C4E000
[   52.604435] a.out, B1B1E000
[   52.604793] a.out, B30CD000
[   52.605155] a.out, B2B11000
[   52.605522] a.out, B1B98000
[   52.606032] a.out, B3ED5000
[   52.606423] a.out, B395A000
[   52.606861] a.out, B0CCB000
[   52.607224] a.out, B2BBC000
[   52.607568] a.out, B180D000
[   52.607917] a.out, B53FD000
[   52.608256] a.out, B6CD4000
[   52.609287] a.out, B19BD000
[   52.610191] a.out, B119E000
[   52.610598] a.out, B1620000
[   52.610947] a.out, B7332000
[   52.611303] a.out, B0C19000
[   52.611680] a.out, B6C77000
[   52.612152] a.out, B276A000
[   52.612518] a.out, B18A0000
[   52.612895] a.out, B1D17000
[   52.613239] a.out, B1C74000
[   52.613593] a.out, B6A10000
[   52.614051] a.out, B0ABF000
[   52.614396] a.out, B5A9B000
[   52.614870] a.out, B1E0C000
[   52.615255] a.out, B5C88000
[   52.615584] a.out, B2F1B000
[   52.616039] a.out, B4B64000
[   52.616386] a.out, B7212000
[   52.616784] a.out, B2BC3000
[   52.617155] a.out, B4F98000
[   52.617507] a.out, B3837000
[   52.618029] a.out, B6055000
[   52.618494] a.out, B39A2000
[   52.619143] a.out, B1401000
[   52.620117] a.out, B1259000
[   52.620998] a.out, B251A000
[   52.621413] a.out, B1155000
[   52.621806] a.out, B2604000
[   52.622558] a.out, B1823000
[   52.623973] a.out, B165C000
[   52.624928] a.out, B325E000
[   52.625313] a.out, B1EA8000
[   52.627672] a.out, B60E5000
[   52.628971] a.out, B1649000
[   52.629837] a.out, B1714000
[   52.632376] a.out, B0A57000
[   52.633811] a.out, B327E000
[   52.634208] a.out, B4AFA000
[   52.634570] a.out, B361F000
[   52.635031] a.out, B6FA7000
[   52.636390] a.out, B0E2C000
[   52.637097] a.out, B1886000
[   52.638318] a.out, B4EE9000
[   52.638901] a.out, B509E000
[   52.639384] a.out, B6325000
[   52.639841] a.out, B6D87000
[   52.640208] a.out, B63B2000
[   52.640580] a.out, B13F4000
[   52.641004] a.out, B0A24000
[   52.641388] a.out, B3E1C000
[   52.641735] a.out, B48C9000
[   52.642070] a.out, B499C000
[   52.642464] a.out, B13E9000
[   52.643078] a.out, B3B33000
[   52.643560] a.out, B63FE000
[   52.644321] a.out, B19D2000
[   52.644655] a.out, B5025000
[   52.645010] a.out, B0F67000
[   52.645450] a.out, B6E3F000
[   52.646033] a.out, B1364000
[   52.646508] a.out, B65C4000
[   52.646893] a.out, B1704000
[   52.647261] a.out, B646A000
[   52.647630] a.out, B35BE000
[   52.647991] a.out, B0C92000
[   52.648349] a.out, B5266000
[   52.648690] a.out, B5024000
[   52.649050] a.out, B4291000
[   52.649403] a.out, B6405000
[   52.649873] a.out, B3BDD000
[   52.650296] a.out, B6F86000
[   52.650847] a.out, B1F32000
[   52.651205] a.out, B32AE000
[   52.651556] a.out, B1A7E000
[   52.651905] a.out, B2B70000
[   52.652311] a.out, B0B0D000
[   52.652660] a.out, B5F87000
[   52.653018] a.out, B437B000
[   52.653368] a.out, B175B000
[   52.653836] a.out, B4C1E000
[   52.654206] a.out, B13F2000
[   52.654810] a.out, B5767000
[   52.657059] a.out, B6E43000
[   52.657586] a.out, B1C65000
[   52.658122] a.out, B70BD000
[   52.659178] a.out, B487C000
[   52.660463] a.out, B709E000
[   52.661308] a.out, B0BBC000
[   52.662492] a.out, B6FAC000
[   52.662973] a.out, B3FA4000
[   52.663939] a.out, B5F85000
[   52.664281] a.out, B6B07000
[   52.665740] a.out, B72D9000
[   52.666291] a.out, B361D000
[   52.666675] a.out, B523B000
[   52.667016] a.out, B6E16000
[   52.668627] a.out, B356F000
[   52.669513] a.out, B42A3000
[   52.670030] a.out, B0B89000
[   52.670377] a.out, B15D6000
[   52.670704] a.out, B4F4D000
[   52.671750] a.out, B147D000
[   52.672721] a.out, B34BB000
[   52.674456] a.out, B19D3000
[   52.674954] a.out, B3876000
[   52.675602] a.out, B1663000
[   52.676702] a.out, B24D9000
[   52.677407] a.out, B0B2D000
[   52.677987] a.out, B2849000
[   52.679480] a.out, B1728000
[   52.681263] a.out, B3F25000
[   52.682420] a.out, B0A43000
[   52.684160] a.out, B32DF000
[   52.686081] a.out, B23E0000
[   52.687542] a.out, B282F000
[   52.689161] a.out, B69EA000
[   52.689777] a.out, B2F9B000
[   52.690315] a.out, B36A7000
[   52.690850] a.out, B6392000
[   52.691248] a.out, B3294000
[   52.692291] a.out, B414D000
[   52.692888] a.out, B53DD000
[   52.693522] a.out, B1789000
[   52.694462] a.out, B129E000
[   52.694982] a.out, B3DD1000
[   52.695837] a.out, B1619000
[   52.696893] a.out, B5580000
[   52.697317] a.out, B1FF0000
[   52.699572] a.out, B0969000
[   52.700002] a.out, B1321000
[   52.700371] a.out, B3D28000
[   52.700741] a.out, B6BBC000
[   52.701118] a.out, B56BB000
[   52.701491] a.out, B6D75000
[   52.701987] a.out, B6B8C000
[   52.702344] a.out, B0AFA000
[   52.702778] a.out, B1BC1000
[   52.703126] a.out, B44DA000
[   52.703490] a.out, B0996000
[   52.703855] a.out, B585A000
[   52.704205] a.out, B2FEB000
[   52.704549] a.out, B2CCE000
[   52.704919] a.out, B62D6000
[   52.705279] a.out, B32B7000
[   52.705807] a.out, B3676000
[   52.706355] a.out, B23D2000
[   52.706844] a.out, B12FA000
[   52.707382] a.out, B29F7000
[   52.707799] a.out, B3F6A000
[   52.708152] a.out, B0A4F000
[   52.708627] a.out, B1BE4000
[   52.708989] a.out, B431E000
[   52.709813] a.out, B2D3C000
[   52.710252] a.out, B1668000
